ARM Linker, 5.02 [Build 28] [MDK-ARM Professional]

==============================================================================

Section Cross References

    stm32f10x_it.o(.text) refers to stm32f10x_usart.o(.text) for USART_GetFlagStatus
    stm32f10x_it.o(.text) refers to stm32f10x_can.o(.text) for CAN_Receive
    stm32f10x_it.o(.text) refers to ios157654.o(.text) for CAN1_DS_UPDATE
    stm32f10x_it.o(.text) refers to stm32f10x_it.o(.bss) for M35REBUFStructure
    stm32f10x_it.o(.text) refers to ios157654.o(.bss) for RxMessage
    stm32f10x_it.o(.text) refers to main.o(.data) for GPS_RX_Count
    stm32f10x_it.o(.text) refers to main.o(.bss) for GPS_RX_Buffer
    main.o(.text) refers to delay.o(.text) for delay_init
    main.o(.text) refers to bsp.o(.text) for M35_GPIOInit
    main.o(.text) refers to ios157654.o(.text) for OBD2_CANInit
    main.o(.text) refers to chan.o(.text) for ChanInit
    main.o(.text) refers to m35.o(.text) for M35_Start
    main.o(.text) refers to stm32f10x_can.o(.text) for CAN_ITConfig
    main.o(.text) refers to api.o(.text) for CheckReportState
    main.o(.text) refers to stm32f10x_it.o(.bss) for M35REBUFStructure
    main.o(.text) refers to api.o(.data) for Flag_CanReport
    wlm.o(.text) refers to param.o(.text) for ParamRequest
    wlm.o(.text) refers to checkframe.o(.text) for CheckFrameInit
    wlm.o(.text) refers to strcpy.o(.text) for strcpy
    wlm.o(.text) refers to api.o(.text) for U16AddToAsciiString
    wlm.o(.text) refers to strcat.o(.text) for strcat
    wlm.o(.text) refers to m35.o(.text) for SIM_SendCmd
    wlm.o(.text) refers to assert.o(.text) for __aeabi_assert
    wlm.o(.text) refers to wlm.o(.bss) for WirelessModuleCB
    chan.o(.text) refers to wlm.o(.text) for WlmInit
    chan.o(.text) refers to assert.o(.text) for __aeabi_assert
    chan.o(.text) refers to pbuf.o(.text) for PBufAlloc
    chan.o(.text) refers to utm.o(.text) for UTM_DO
    checkframe.o(.text) refers to pbuf.o(.text) for PBufFree
    checkframe.o(.text) refers to assert.o(.text) for __aeabi_assert
    checkframe.o(.text) refers to utm.o(.text) for UTM_DO
    checkframe.o(.text) refers to checkframe.o(.data) for thechk_id
    checkframe.o(.text) refers to checkframe.o(.bss) for thechk
    param.o(.text) refers to assert.o(.text) for __aeabi_assert
    param.o(.text) refers to rt_memcpy_v6.o(.text) for __aeabi_memcpy
    param.o(.text) refers to param.o(.data) for TerminalParam
    utm.o(.text) refers to param.o(.text) for ParamRequest
    utm.o(.text) refers to chan.o(.text) for ChanSend
    utm.o(.text) refers to rt_memcpy_v6.o(.text) for __aeabi_memcpy
    utm.o(.text) refers to pbuf.o(.text) for PBufAlloc
    utm.o(.text) refers to assert.o(.text) for __aeabi_assert
    utm.o(.text) refers to utm.o(.bss) for UTM
    utm.o(.data) refers to cmd_reset.o(.text) for CMD_Reset
    utm.o(.data) refers to cmd_ctrl.o(.text) for CMD_Ctrl
    utm.o(.data) refers to cmd_setparam.o(.text) for CMD_SetParam
    utm.o(.data) refers to cmd_queryparam.o(.text) for CMD_QueryParam
    utm.o(.data) refers to cmd_queryrealdata.o(.text) for CMD_QueryRealData
    utm.o(.data) refers to cmd_filetrans.o(.text) for CMD_FileTrans
    utm.o(.data) refers to cmd_datatrans.o(.text) for CMD_DataTrans
    pbuf.o(.text) refers to pbuf.o(.bss) for sysPBuf
    api.o(.text) refers to strcat.o(.text) for strcat
    api.o(.text) refers to api.o(.data) for MainTime
    api.o(.text) refers to param.o(.text) for ParamRequest
    api.o(.text) refers to utm.o(.text) for CanActiveReport
    api.o(.text) refers to pbuf.o(.text) for PBufAlloc
    api.o(.text) refers to assert.o(.text) for __aeabi_assert
    api.o(.text) refers to chan.o(.text) for ChanSendLinkFrame
    api.o(.text) refers to ios157654.o(.data) for Flag_CanUpdate
    api.o(.text) refers to ios157654.o(.bss) for CanDataSheet
    api.o(.text) refers to main.o(.text) for tmp
    stm32f10x_rcc.o(.text) refers to stm32f10x_rcc.o(.data) for APBAHBPrescTable
    stm32f10x_usart.o(.text) refers to stm32f10x_rcc.o(.text) for RCC_APB2PeriphResetCmd
    stm32f10x_gpio.o(.text) refers to stm32f10x_rcc.o(.text) for RCC_APB2PeriphResetCmd
    stm32f10x_can.o(.text) refers to stm32f10x_rcc.o(.text) for RCC_APB1PeriphResetCmd
    m35.o(.text) refers to _printf_percent.o(.ARM.Collect$$_printf_percent$$00000000) for _printf_percent
    m35.o(.text) refers to stm32f10x_gpio.o(.text) for GPIO_ReadInputDataBit
    m35.o(.text) refers to delay.o(.text) for delay_ms
    m35.o(.text) refers to strcmpv7m.o(.text) for strcmp
    m35.o(.text) refers to noretval__2printf.o(.text) for __2printf
    m35.o(.text) refers to strlen.o(.text) for strlen
    m35.o(.text) refers to strncmp.o(.text) for strncmp
    m35.o(.text) refers to bsp.o(.text) for fputc
    m35.o(.text) refers to stm32f10x_it.o(.bss) for M35REBUFStructure
    m35.o(.text) refers to api.o(.text) for U8AddToAsciiString
    m35.o(.text) refers to strcat.o(.text) for strcat
    delay.o(.text) refers to delay.o(.data) for fac_us
    bsp.o(.text) refers (Special) to use_no_semi_2.o(.text) for __use_no_semihosting
    bsp.o(.text) refers to stm32f10x_rcc.o(.text) for RCC_APB2PeriphClockCmd
    bsp.o(.text) refers to stm32f10x_gpio.o(.text) for GPIO_Init
    bsp.o(.text) refers to stm32f10x_usart.o(.text) for USART_Init
    bsp.o(.text) refers to misc.o(.text) for NVIC_PriorityGroupConfig
    bsp.o(.text) refers to delay.o(.text) for delay_ms
    bsp.o(.text) refers to stm32f10x_can.o(.text) for CAN_DeInit
    bsp.o(.data) refers (Special) to use_no_semi_2.o(.text) for __use_no_semihosting
    system_stm32f10x.o(.text) refers to system_stm32f10x.o(.data) for SystemCoreClock
    startup_stm32f10x_md.o(STACK) refers (Special) to heapauxi.o(.text) for __use_two_region_memory
    startup_stm32f10x_md.o(HEAP) refers (Special) to heapauxi.o(.text) for __use_two_region_memory
    startup_stm32f10x_md.o(RESET) refers (Special) to heapauxi.o(.text) for __use_two_region_memory
    startup_stm32f10x_md.o(RESET) refers to startup_stm32f10x_md.o(STACK) for __initial_sp
    startup_stm32f10x_md.o(RESET) refers to startup_stm32f10x_md.o(.text) for Reset_Handler
    startup_stm32f10x_md.o(RESET) refers to stm32f10x_it.o(.text) for NMI_Handler
    startup_stm32f10x_md.o(.text) refers (Special) to heapauxi.o(.text) for __use_two_region_memory
    startup_stm32f10x_md.o(.text) refers to system_stm32f10x.o(.text) for SystemInit
    startup_stm32f10x_md.o(.text) refers to __main.o(!!!main) for __main
    startup_stm32f10x_md.o(.text) refers to startup_stm32f10x_md.o(HEAP) for Heap_Mem
    startup_stm32f10x_md.o(.text) refers to startup_stm32f10x_md.o(STACK) for Stack_Mem
    ios157654.o(.text) refers to bsp.o(.text) for CAN1_GPIOConfig
    ios157654.o(.text) refers to ios157654.o(.bss) for CanDataSheet
    ios157654.o(.text) refers to ios157654.o(.data) for Flag_CanUpdate
    use_no_semi_2.o(.text) refers (Special) to use_no_semi.o(.text) for __use_no_semihosting_swi
    __2printf.o(.text) refers to _printf_char_file.o(.text) for _printf_char_file
    __2printf.o(.text) refers to bsp.o(.data) for __stdout
    noretval__2printf.o(.text) refers to _printf_char_file.o(.text) for _printf_char_file
    noretval__2printf.o(.text) refers to bsp.o(.data) for __stdout
    __printf.o(.text) refers to _printf_percent.o(.ARM.Collect$$_printf_percent$$00000000) for _printf_percent
    __printf_flags.o(.text) refers to _printf_percent.o(.ARM.Collect$$_printf_percent$$00000000) for _printf_percent
    __printf_flags.o(.text) refers to __printf_flags.o(.constdata) for .constdata
    __printf_ss.o(.text) refers to _printf_percent.o(.ARM.Collect$$_printf_percent$$00000000) for _printf_percent
    __printf_flags_ss.o(.text) refers to _printf_percent.o(.ARM.Collect$$_printf_percent$$00000000) for _printf_percent
    __printf_flags_ss.o(.text) refers to __printf_flags_ss.o(.constdata) for .constdata
    __printf_wp.o(.text) refers to __printf_wp.o(i._is_digit) for _is_digit
    __printf_wp.o(.text) refers to _printf_percent.o(.ARM.Collect$$_printf_percent$$00000000) for _printf_percent
    __printf_flags_wp.o(.text) refers to __printf_wp.o(i._is_digit) for _is_digit
    __printf_flags_wp.o(.text) refers to _printf_percent.o(.ARM.Collect$$_printf_percent$$00000000) for _printf_percent
    __printf_flags_wp.o(.text) refers to __printf_flags_wp.o(.constdata) for .constdata
    __printf_ss_wp.o(.text) refers to __printf_wp.o(i._is_digit) for _is_digit
    __printf_ss_wp.o(.text) refers to _printf_percent.o(.ARM.Collect$$_printf_percent$$00000000) for _printf_percent
    __printf_flags_ss_wp.o(.text) refers to __printf_wp.o(i._is_digit) for _is_digit
    __printf_flags_ss_wp.o(.text) refers to _printf_percent.o(.ARM.Collect$$_printf_percent$$00000000) for _printf_percent
    __printf_flags_ss_wp.o(.text) refers to __printf_flags_ss_wp.o(.constdata) for .constdata
    _printf_percent.o(.ARM.Collect$$_printf_percent$$00000000) refers (Special) to _printf_percent_end.o(.ARM.Collect$$_printf_percent$$00000017) for _printf_percent_end
    assert.o(.text) refers to assert_puts.o(.text) for __assert_puts
    assert.o(.text) refers to abort.o(.text) for abort
    rt_memcpy_v6.o(.text) refers to rt_memcpy_w.o(.text) for __aeabi_memcpy4
    __main.o(!!!main) refers to rtentry.o(.ARM.Collect$$rtentry$$00000000) for __rt_entry
    rtentry.o(.ARM.Collect$$rtentry$$00000000) refers (Special) to rtentry2.o(.ARM.Collect$$rtentry$$0000000A) for __rt_entry_li
    rtentry.o(.ARM.Collect$$rtentry$$00000000) refers (Special) to rtentry2.o(.ARM.Collect$$rtentry$$0000000D) for __rt_entry_main
    rtentry.o(.ARM.Collect$$rtentry$$00000000) refers (Special) to rtentry2.o(.ARM.Collect$$rtentry$$0000000C) for __rt_entry_postli_1
    rtentry.o(.ARM.Collect$$rtentry$$00000000) refers (Special) to rtentry2.o(.ARM.Collect$$rtentry$$00000009) for __rt_entry_postsh_1
    rtentry.o(.ARM.Collect$$rtentry$$00000000) refers (Special) to rtentry2.o(.ARM.Collect$$rtentry$$00000002) for __rt_entry_presh_1
    rtentry.o(.ARM.Collect$$rtentry$$00000000) refers (Special) to rtentry4.o(.ARM.Collect$$rtentry$$00000004) for __rt_entry_sh
    _printf_char_file.o(.text) refers to _printf_char_common.o(.text) for _printf_char_common
    _printf_char_file.o(.text) refers to ferror.o(.text) for ferror
    _printf_char_file.o(.text) refers to bsp.o(.text) for fputc
    abort.o(.text) refers to defsig_abrt_outer.o(.text) for __rt_SIGABRT
    abort.o(.text) refers (Weak) to libshutdown.o(.ARM.Collect$$libshutdown$$00000000) for __rt_lib_shutdown
    abort.o(.text) refers to bsp.o(.text) for _sys_exit
    assert_puts.o(.text) refers to bsp.o(.text) for _ttywrch
    rtentry2.o(.ARM.Collect$$rtentry$$00000008) refers to boardinit2.o(.text) for _platform_post_stackheap_init
    rtentry2.o(.ARM.Collect$$rtentry$$0000000A) refers to libinit.o(.ARM.Collect$$libinit$$00000000) for __rt_lib_init
    rtentry2.o(.ARM.Collect$$rtentry$$0000000B) refers to boardinit3.o(.text) for _platform_post_lib_init
    rtentry2.o(.ARM.Collect$$rtentry$$0000000D) refers to main.o(.text) for main
    rtentry2.o(.ARM.Collect$$rtentry$$0000000D) refers to exit.o(.text) for exit
    rtentry2.o(.ARM.exidx) refers to rtentry2.o(.ARM.Collect$$rtentry$$00000001) for .ARM.Collect$$rtentry$$00000001
    rtentry2.o(.ARM.exidx) refers to rtentry2.o(.ARM.Collect$$rtentry$$00000008) for .ARM.Collect$$rtentry$$00000008
    rtentry2.o(.ARM.exidx) refers to rtentry2.o(.ARM.Collect$$rtentry$$0000000A) for .ARM.Collect$$rtentry$$0000000A
    rtentry2.o(.ARM.exidx) refers to rtentry2.o(.ARM.Collect$$rtentry$$0000000B) for .ARM.Collect$$rtentry$$0000000B
    rtentry2.o(.ARM.exidx) refers to rtentry2.o(.ARM.Collect$$rtentry$$0000000D) for .ARM.Collect$$rtentry$$0000000D
    rtentry4.o(.ARM.Collect$$rtentry$$00000004) refers to sys_stackheap_outer.o(.text) for __user_setup_stackheap
    rtentry4.o(.ARM.exidx) refers to rtentry4.o(.ARM.Collect$$rtentry$$00000004) for .ARM.Collect$$rtentry$$00000004
    _printf_char_common.o(.text) refers to __printf.o(.text) for __printf
    defsig_abrt_outer.o(.text) refers to defsig_abrt_inner.o(.text) for __rt_SIGABRT_inner
    defsig_abrt_outer.o(.text) refers to defsig_exit.o(.text) for __sig_exit
    defsig_abrt_formal.o(.text) refers to rt_raise.o(.text) for __rt_raise
    sys_stackheap_outer.o(.text) refers to libspace.o(.text) for __user_perproc_libspace
    sys_stackheap_outer.o(.text) refers to startup_stm32f10x_md.o(.text) for __user_initial_stackheap
    rt_raise.o(.text) refers to __raise.o(.text) for __raise
    rt_raise.o(.text) refers to bsp.o(.text) for _sys_exit
    exit.o(.text) refers to rtexit.o(.ARM.Collect$$rtexit$$00000000) for __rt_exit
    defsig_exit.o(.text) refers to bsp.o(.text) for _sys_exit
    defsig_abrt_inner.o(.text) refers to defsig_general.o(.text) for __default_signal_display
    libinit.o(.ARM.Collect$$libinit$$00000000) refers (Special) to libinit2.o(.ARM.Collect$$libinit$$0000002C) for __rt_lib_init_alloca_1
    libinit.o(.ARM.Collect$$libinit$$00000000) refers (Special) to libinit2.o(.ARM.Collect$$libinit$$0000002A) for __rt_lib_init_argv_1
    libinit.o(.ARM.Collect$$libinit$$00000000) refers (Special) to libinit2.o(.ARM.Collect$$libinit$$00000019) for __rt_lib_init_atexit_1
    libinit.o(.ARM.Collect$$libinit$$00000000) refers (Special) to libinit2.o(.ARM.Collect$$libinit$$0000001F) for __rt_lib_init_clock_1
    libinit.o(.ARM.Collect$$libinit$$00000000) refers (Special) to libinit2.o(.ARM.Collect$$libinit$$00000030) for __rt_lib_init_cpp_1
    libinit.o(.ARM.Collect$$libinit$$00000000) refers (Special) to libinit2.o(.ARM.Collect$$libinit$$0000002E) for __rt_lib_init_exceptions_1
    libinit.o(.ARM.Collect$$libinit$$00000000) refers (Special) to libinit2.o(.ARM.Collect$$libinit$$00000002) for __rt_lib_init_fp_1
    libinit.o(.ARM.Collect$$libinit$$00000000) refers (Special) to libinit2.o(.ARM.Collect$$libinit$$0000001D) for __rt_lib_init_fp_trap_1
    libinit.o(.ARM.Collect$$libinit$$00000000) refers (Special) to libinit2.o(.ARM.Collect$$libinit$$00000021) for __rt_lib_init_getenv_1
    libinit.o(.ARM.Collect$$libinit$$00000000) refers (Special) to libinit2.o(.ARM.Collect$$libinit$$00000008) for __rt_lib_init_heap_1
    libinit.o(.ARM.Collect$$libinit$$00000000) refers (Special) to libinit2.o(.ARM.Collect$$libinit$$0000000F) for __rt_lib_init_lc_collate_1
    libinit.o(.ARM.Collect$$libinit$$00000000) refers (Special) to libinit2.o(.ARM.Collect$$libinit$$00000011) for __rt_lib_init_lc_ctype_1
    libinit.o(.ARM.Collect$$libinit$$00000000) refers (Special) to libinit2.o(.ARM.Collect$$libinit$$00000013) for __rt_lib_init_lc_monetary_1
    libinit.o(.ARM.Collect$$libinit$$00000000) refers (Special) to libinit2.o(.ARM.Collect$$libinit$$00000015) for __rt_lib_init_lc_numeric_1
    libinit.o(.ARM.Collect$$libinit$$00000000) refers (Special) to libinit2.o(.ARM.Collect$$libinit$$00000017) for __rt_lib_init_lc_time_1
    libinit.o(.ARM.Collect$$libinit$$00000000) refers (Special) to libinit2.o(.ARM.Collect$$libinit$$0000000C) for __rt_lib_init_rand_1
    libinit.o(.ARM.Collect$$libinit$$00000000) refers (Special) to libinit2.o(.ARM.Collect$$libinit$$00000031) for __rt_lib_init_return
    libinit.o(.ARM.Collect$$libinit$$00000000) refers (Special) to libinit2.o(.ARM.Collect$$libinit$$0000001B) for __rt_lib_init_signal_1
    libinit.o(.ARM.Collect$$libinit$$00000000) refers (Special) to libinit2.o(.ARM.Collect$$libinit$$00000023) for __rt_lib_init_stdio_1
    libinit.o(.ARM.Collect$$libinit$$00000000) refers (Special) to libinit2.o(.ARM.Collect$$libinit$$0000000A) for __rt_lib_init_user_alloc_1
    libspace.o(.text) refers to libspace.o(.bss) for __libspace_start
    rtexit.o(.ARM.Collect$$rtexit$$00000000) refers (Special) to rtexit2.o(.ARM.Collect$$rtexit$$00000004) for __rt_exit_exit
    rtexit.o(.ARM.Collect$$rtexit$$00000000) refers (Special) to rtexit2.o(.ARM.Collect$$rtexit$$00000003) for __rt_exit_ls
    rtexit.o(.ARM.Collect$$rtexit$$00000000) refers (Special) to rtexit2.o(.ARM.Collect$$rtexit$$00000002) for __rt_exit_prels_1
    rtexit.o(.ARM.exidx) refers (Special) to rtexit2.o(.ARM.Collect$$rtexit$$00000004) for __rt_exit_exit
    rtexit.o(.ARM.exidx) refers (Special) to rtexit2.o(.ARM.Collect$$rtexit$$00000003) for __rt_exit_ls
    rtexit.o(.ARM.exidx) refers (Special) to rtexit2.o(.ARM.Collect$$rtexit$$00000002) for __rt_exit_prels_1
    rtexit.o(.ARM.exidx) refers to rtexit.o(.ARM.Collect$$rtexit$$00000000) for .ARM.Collect$$rtexit$$00000000
    __raise.o(.text) refers to defsig.o(CL$$defsig) for __default_signal_handler
    defsig_general.o(.text) refers to bsp.o(.text) for _ttywrch
    libinit2.o(.ARM.Collect$$libinit$$0000000E) refers to libinit2.o(.ARM.Collect$$libinit$$0000000D) for .ARM.Collect$$libinit$$0000000D
    libinit2.o(.ARM.Collect$$libinit$$00000010) refers to libinit2.o(.ARM.Collect$$libinit$$0000000D) for .ARM.Collect$$libinit$$0000000D
    libinit2.o(.ARM.Collect$$libinit$$00000012) refers to libinit2.o(.ARM.Collect$$libinit$$0000000D) for .ARM.Collect$$libinit$$0000000D
    libinit2.o(.ARM.Collect$$libinit$$00000014) refers to libinit2.o(.ARM.Collect$$libinit$$0000000D) for .ARM.Collect$$libinit$$0000000D
    libinit2.o(.ARM.Collect$$libinit$$00000016) refers to libinit2.o(.ARM.Collect$$libinit$$0000000D) for .ARM.Collect$$libinit$$0000000D
    libinit2.o(.ARM.Collect$$libinit$$00000024) refers to argv_veneer.o(.emb_text) for __ARM_argv_veneer
    libinit2.o(.ARM.Collect$$libinit$$00000025) refers to argv_veneer.o(.emb_text) for __ARM_argv_veneer
    rtexit2.o(.ARM.Collect$$rtexit$$00000003) refers to libshutdown.o(.ARM.Collect$$libshutdown$$00000000) for __rt_lib_shutdown
    rtexit2.o(.ARM.Collect$$rtexit$$00000004) refers to bsp.o(.text) for _sys_exit
    rtexit2.o(.ARM.exidx) refers to rtexit2.o(.ARM.Collect$$rtexit$$00000001) for .ARM.Collect$$rtexit$$00000001
    rtexit2.o(.ARM.exidx) refers to rtexit2.o(.ARM.Collect$$rtexit$$00000003) for .ARM.Collect$$rtexit$$00000003
    rtexit2.o(.ARM.exidx) refers to rtexit2.o(.ARM.Collect$$rtexit$$00000004) for .ARM.Collect$$rtexit$$00000004
    defsig.o(CL$$defsig) refers to defsig_abrt_inner.o(.text) for __rt_SIGABRT_inner
    defsig.o(CL$$defsig) refers to defsig_rtmem_inner.o(.text) for __rt_SIGRTMEM_inner
    argv_veneer.o(.emb_text) refers to no_argv.o(.text) for __ARM_get_argv
    defsig_fpe_inner.o(.text) refers to defsig_general.o(.text) for __default_signal_display
    defsig_rtred_inner.o(.text) refers to defsig_general.o(.text) for __default_signal_display
    defsig_rtmem_inner.o(.text) refers to defsig_general.o(.text) for __default_signal_display
    defsig_stak_inner.o(.text) refers to defsig_general.o(.text) for __default_signal_display
    defsig_pvfn_inner.o(.text) refers to defsig_general.o(.text) for __default_signal_display
    defsig_cppl_inner.o(.text) refers to defsig_general.o(.text) for __default_signal_display
    defsig_segv_inner.o(.text) refers to defsig_general.o(.text) for __default_signal_display
    defsig_other.o(.text) refers to defsig_general.o(.text) for __default_signal_display
    _get_argv_nomalloc.o(.text) refers (Special) to hrguard.o(.text) for __heap_region$guard
    _get_argv_nomalloc.o(.text) refers to defsig_rtmem_outer.o(.text) for __rt_SIGRTMEM
    _get_argv_nomalloc.o(.text) refers to sys_command.o(.text) for _sys_command_string
    libshutdown.o(.ARM.Collect$$libshutdown$$00000000) refers (Special) to libshutdown2.o(.ARM.Collect$$libshutdown$$00000006) for __rt_lib_shutdown_fp_trap_1
    libshutdown.o(.ARM.Collect$$libshutdown$$00000000) refers (Special) to libshutdown2.o(.ARM.Collect$$libshutdown$$0000000E) for __rt_lib_shutdown_heap_1
    libshutdown.o(.ARM.Collect$$libshutdown$$00000000) refers (Special) to libshutdown2.o(.ARM.Collect$$libshutdown$$0000000F) for __rt_lib_shutdown_return
    libshutdown.o(.ARM.Collect$$libshutdown$$00000000) refers (Special) to libshutdown2.o(.ARM.Collect$$libshutdown$$00000009) for __rt_lib_shutdown_signal_1
    libshutdown.o(.ARM.Collect$$libshutdown$$00000000) refers (Special) to libshutdown2.o(.ARM.Collect$$libshutdown$$00000003) for __rt_lib_shutdown_stdio_1
    libshutdown.o(.ARM.Collect$$libshutdown$$00000000) refers (Special) to libshutdown2.o(.ARM.Collect$$libshutdown$$0000000B) for __rt_lib_shutdown_user_alloc_1
    sys_command.o(.text) refers (Special) to use_no_semi.o(.text) for __I$use$semihosting
    sys_command.o(.text) refers (Special) to indicate_semi.o(.text) for __semihosting_library_function
    defsig_rtmem_outer.o(.text) refers to defsig_rtmem_inner.o(.text) for __rt_SIGRTMEM_inner
    defsig_rtmem_outer.o(.text) refers to defsig_exit.o(.text) for __sig_exit
    defsig_rtmem_formal.o(.text) refers to rt_raise.o(.text) for __rt_raise


==============================================================================

Removing Unused input sections from the image.

    Removing cmd_ctrl.o(.text), (4 bytes).
    Removing cmd_datatrans.o(.text), (4 bytes).
    Removing cmd_filetrans.o(.text), (4 bytes).
    Removing cmd_queryparam.o(.text), (4 bytes).
    Removing cmd_queryrealdata.o(.text), (4 bytes).
    Removing cmd_reset.o(.text), (4 bytes).
    Removing cmd_setparam.o(.text), (4 bytes).
    Removing utm.o(.data), (68 bytes).
    Removing core_cm3.o(.emb_text), (32 bytes).

9 unused section(s) (total 128 bytes) removed from the image.

==============================================================================

Image Symbol Table

    Local Symbols

    Symbol Name                              Value     Ov Type        Size  Object(Section)

    ../clib/angel/boardlib.s                 0x00000000   Number         0  boardinit2.o ABSOLUTE
    ../clib/angel/boardlib.s                 0x00000000   Number         0  boardinit3.o ABSOLUTE
    ../clib/angel/boardlib.s                 0x00000000   Number         0  boardinit1.o ABSOLUTE
    ../clib/angel/boardlib.s                 0x00000000   Number         0  boardshut.o ABSOLUTE
    ../clib/angel/handlers.s                 0x00000000   Number         0  __scatter_zi.o ABSOLUTE
    ../clib/angel/handlers.s                 0x00000000   Number         0  __scatter_copy.o ABSOLUTE
    ../clib/angel/kernel.s                   0x00000000   Number         0  rtentry2.o ABSOLUTE
    ../clib/angel/kernel.s                   0x00000000   Number         0  rtexit.o ABSOLUTE
    ../clib/angel/kernel.s                   0x00000000   Number         0  rtexit2.o ABSOLUTE
    ../clib/angel/kernel.s                   0x00000000   Number         0  rtentry4.o ABSOLUTE
    ../clib/angel/kernel.s                   0x00000000   Number         0  rtentry.o ABSOLUTE
    ../clib/angel/rt.s                       0x00000000   Number         0  rt_raise.o ABSOLUTE
    ../clib/angel/scatter.s                  0x00000000   Number         0  __scatter.o ABSOLUTE
    ../clib/angel/startup.s                  0x00000000   Number         0  __main.o ABSOLUTE
    ../clib/angel/sys.s                      0x00000000   Number         0  libspace.o ABSOLUTE
    ../clib/angel/sys.s                      0x00000000   Number         0  use_no_semi_2.o ABSOLUTE
    ../clib/angel/sys.s                      0x00000000   Number         0  sys_stackheap_outer.o ABSOLUTE
    ../clib/angel/sys.s                      0x00000000   Number         0  indicate_semi.o ABSOLUTE
    ../clib/angel/sys.s                      0x00000000   Number         0  use_no_semi.o ABSOLUTE
    ../clib/angel/sysapp.c                   0x00000000   Number         0  sys_command.o ABSOLUTE
    ../clib/armsys.c                         0x00000000   Number         0  argv_veneer.o ABSOLUTE
    ../clib/armsys.c                         0x00000000   Number         0  argv_veneer.o ABSOLUTE
    ../clib/armsys.c                         0x00000000   Number         0  _get_argv_nomalloc.o ABSOLUTE
    ../clib/armsys.c                         0x00000000   Number         0  no_argv.o ABSOLUTE
    ../clib/assert.c                         0x00000000   Number         0  assert_puts.o ABSOLUTE
    ../clib/assert.c                         0x00000000   Number         0  assert.o ABSOLUTE
    ../clib/heapalloc.c                      0x00000000   Number         0  hrguard.o ABSOLUTE
    ../clib/heapaux.c                        0x00000000   Number         0  heapauxi.o ABSOLUTE
    ../clib/libinit.s                        0x00000000   Number         0  libshutdown.o ABSOLUTE
    ../clib/libinit.s                        0x00000000   Number         0  libinit2.o ABSOLUTE
    ../clib/libinit.s                        0x00000000   Number         0  libinit.o ABSOLUTE
    ../clib/libinit.s                        0x00000000   Number         0  libshutdown2.o ABSOLUTE
    ../clib/memcpset.s                       0x00000000   Number         0  rt_memcpy_w.o ABSOLUTE
    ../clib/memcpset.s                       0x00000000   Number         0  strcmpv7m.o ABSOLUTE
    ../clib/memcpset.s                       0x00000000   Number         0  rt_memcpy_v6.o ABSOLUTE
    ../clib/printf.c                         0x00000000   Number         0  __printf_ss_wp.o ABSOLUTE
    ../clib/printf.c                         0x00000000   Number         0  __printf_flags_wp.o ABSOLUTE
    ../clib/printf.c                         0x00000000   Number         0  __printf_wp.o ABSOLUTE
    ../clib/printf.c                         0x00000000   Number         0  __2printf.o ABSOLUTE
    ../clib/printf.c                         0x00000000   Number         0  __printf_ss.o ABSOLUTE
    ../clib/printf.c                         0x00000000   Number         0  __printf_flags.o ABSOLUTE
    ../clib/printf.c                         0x00000000   Number         0  _printf_char_file.o ABSOLUTE
    ../clib/printf.c                         0x00000000   Number         0  __printf_nopercent.o ABSOLUTE
    ../clib/printf.c                         0x00000000   Number         0  __printf_flags_ss.o ABSOLUTE
    ../clib/printf.c                         0x00000000   Number         0  __printf.o ABSOLUTE
    ../clib/printf.c                         0x00000000   Number         0  _printf_char_common.o ABSOLUTE
    ../clib/printf.c                         0x00000000   Number         0  noretval__2printf.o ABSOLUTE
    ../clib/printf.c                         0x00000000   Number         0  __printf_flags_ss_wp.o ABSOLUTE
    ../clib/printf_percent.s                 0x00000000   Number         0  _printf_percent_end.o ABSOLUTE
    ../clib/printf_percent.s                 0x00000000   Number         0  _printf_percent.o ABSOLUTE
    ../clib/signal.c                         0x00000000   Number         0  defsig_exit.o ABSOLUTE
    ../clib/signal.c                         0x00000000   Number         0  defsig_rtmem_formal.o ABSOLUTE
    ../clib/signal.c                         0x00000000   Number         0  defsig_other.o ABSOLUTE
    ../clib/signal.c                         0x00000000   Number         0  defsig_rtred_inner.o ABSOLUTE
    ../clib/signal.c                         0x00000000   Number         0  defsig_general.o ABSOLUTE
    ../clib/signal.c                         0x00000000   Number         0  __raise.o ABSOLUTE
    ../clib/signal.c                         0x00000000   Number         0  defsig_rtmem_outer.o ABSOLUTE
    ../clib/signal.c                         0x00000000   Number         0  defsig_segv_inner.o ABSOLUTE
    ../clib/signal.c                         0x00000000   Number         0  defsig_cppl_inner.o ABSOLUTE
    ../clib/signal.c                         0x00000000   Number         0  defsig_pvfn_inner.o ABSOLUTE
    ../clib/signal.c                         0x00000000   Number         0  defsig_stak_inner.o ABSOLUTE
    ../clib/signal.c                         0x00000000   Number         0  defsig_rtmem_inner.o ABSOLUTE
    ../clib/signal.c                         0x00000000   Number         0  defsig_abrt_formal.o ABSOLUTE
    ../clib/signal.c                         0x00000000   Number         0  defsig_fpe_inner.o ABSOLUTE
    ../clib/signal.c                         0x00000000   Number         0  defsig_abrt_outer.o ABSOLUTE
    ../clib/signal.c                         0x00000000   Number         0  defsig_abrt_inner.o ABSOLUTE
    ../clib/signal.s                         0x00000000   Number         0  defsig.o ABSOLUTE
    ../clib/stdio.c                          0x00000000   Number         0  ferror.o ABSOLUTE
    ../clib/stdio.c                          0x00000000   Number         0  ferror_locked.o ABSOLUTE
    ../clib/stdlib.c                         0x00000000   Number         0  exit.o ABSOLUTE
    ../clib/stdlib.c                         0x00000000   Number         0  abort.o ABSOLUTE
    ../clib/string.c                         0x00000000   Number         0  strcat.o ABSOLUTE
    ../clib/string.c                         0x00000000   Number         0  strcpy.o ABSOLUTE
    ../clib/string.c                         0x00000000   Number         0  strlen.o ABSOLUTE
    ../clib/string.c                         0x00000000   Number         0  strncmp.o ABSOLUTE
    ../fplib/fpinit.s                        0x00000000   Number         0  fpinit.o ABSOLUTE
    ..\Bsp\Bsp.c                             0x00000000   Number         0  bsp.o ABSOLUTE
    ..\Bsp\M35.c                             0x00000000   Number         0  m35.o ABSOLUTE
    ..\Bsp\delay.c                           0x00000000   Number         0  delay.o ABSOLUTE
    ..\IOS15765-4\IOS157654.c                0x00000000   Number         0  ios157654.o ABSOLUTE
    ..\Lib\CMSIS\CM3\CoreSupport\core_cm3.c  0x00000000   Number         0  core_cm3.o ABSOLUTE
    ..\Lib\CMSIS\CM3\DeviceSupport\ST\STM32F10x\startup\arm\startup_stm32f10x_md.s 0x00000000   Number         0  startup_stm32f10x_md.o ABSOLUTE
    ..\Lib\CMSIS\CM3\DeviceSupport\ST\STM32F10x\system_stm32f10x.c 0x00000000   Number         0  system_stm32f10x.o ABSOLUTE
    ..\Lib\STM32F10x_StdPeriph_Driver\src\misc.c 0x00000000   Number         0  misc.o ABSOLUTE
    ..\Lib\STM32F10x_StdPeriph_Driver\src\stm32f10x_can.c 0x00000000   Number         0  stm32f10x_can.o ABSOLUTE
    ..\Lib\STM32F10x_StdPeriph_Driver\src\stm32f10x_gpio.c 0x00000000   Number         0  stm32f10x_gpio.o ABSOLUTE
    ..\Lib\STM32F10x_StdPeriph_Driver\src\stm32f10x_rcc.c 0x00000000   Number         0  stm32f10x_rcc.o ABSOLUTE
    ..\Lib\STM32F10x_StdPeriph_Driver\src\stm32f10x_usart.c 0x00000000   Number         0  stm32f10x_usart.o ABSOLUTE
    ..\User\Chan\Chan.c                      0x00000000   Number         0  chan.o ABSOLUTE
    ..\User\Chan\CheckFrame.c                0x00000000   Number         0  checkframe.o ABSOLUTE
    ..\User\Chan\WirelessModule\Wlm.c        0x00000000   Number         0  wlm.o ABSOLUTE
    ..\User\PBuf.c                           0x00000000   Number         0  pbuf.o ABSOLUTE
    ..\User\UTM\BSN\CMD_Ctrl.c               0x00000000   Number         0  cmd_ctrl.o ABSOLUTE
    ..\User\UTM\BSN\CMD_DataTrans.c          0x00000000   Number         0  cmd_datatrans.o ABSOLUTE
    ..\User\UTM\BSN\CMD_FileTrans.c          0x00000000   Number         0  cmd_filetrans.o ABSOLUTE
    ..\User\UTM\BSN\CMD_QueryParam.c         0x00000000   Number         0  cmd_queryparam.o ABSOLUTE
    ..\User\UTM\BSN\CMD_QueryRealData.c      0x00000000   Number         0  cmd_queryrealdata.o ABSOLUTE
    ..\User\UTM\BSN\CMD_Reset.c              0x00000000   Number         0  cmd_reset.o ABSOLUTE
    ..\User\UTM\BSN\CMD_SetParam.c           0x00000000   Number         0  cmd_setparam.o ABSOLUTE
    ..\User\UTM\Param.c                      0x00000000   Number         0  param.o ABSOLUTE
    ..\User\UTM\UTM.c                        0x00000000   Number         0  utm.o ABSOLUTE
    ..\User\api.c                            0x00000000   Number         0  api.o ABSOLUTE
    ..\User\main.c                           0x00000000   Number         0  main.o ABSOLUTE
    ..\User\stm32f10x_it.c                   0x00000000   Number         0  stm32f10x_it.o ABSOLUTE
    ..\\Lib\\CMSIS\\CM3\\CoreSupport\\core_cm3.c 0x00000000   Number         0  core_cm3.o ABSOLUTE
    dc.s                                     0x00000000   Number         0  dc.o ABSOLUTE
    RESET                                    0x08000000   Section      236  startup_stm32f10x_md.o(RESET)
    !!!main                                  0x080000ec   Section        8  __main.o(!!!main)
    !!!scatter                               0x080000f4   Section       52  __scatter.o(!!!scatter)
    !!handler_copy                           0x08000128   Section       26  __scatter_copy.o(!!handler_copy)
    !!handler_zi                             0x08000144   Section       28  __scatter_zi.o(!!handler_zi)
    .ARM.Collect$$_printf_percent$$00000000  0x08000160   Section        0  _printf_percent.o(.ARM.Collect$$_printf_percent$$00000000)
    .ARM.Collect$$_printf_percent$$00000017  0x08000160   Section        4  _printf_percent_end.o(.ARM.Collect$$_printf_percent$$00000017)
    .ARM.Collect$$libinit$$00000000          0x08000164   Section        2  libinit.o(.ARM.Collect$$libinit$$00000000)
    .ARM.Collect$$libinit$$00000002          0x08000166   Section        0  libinit2.o(.ARM.Collect$$libinit$$00000002)
    .ARM.Collect$$libinit$$00000008          0x08000166   Section        0  libinit2.o(.ARM.Collect$$libinit$$00000008)
    .ARM.Collect$$libinit$$0000000A          0x08000166   Section        0  libinit2.o(.ARM.Collect$$libinit$$0000000A)
    .ARM.Collect$$libinit$$0000000C          0x08000166   Section        0  libinit2.o(.ARM.Collect$$libinit$$0000000C)
    .ARM.Collect$$libinit$$0000000F          0x08000166   Section        0  libinit2.o(.ARM.Collect$$libinit$$0000000F)
    .ARM.Collect$$libinit$$00000011          0x08000166   Section        0  libinit2.o(.ARM.Collect$$libinit$$00000011)
    .ARM.Collect$$libinit$$00000013          0x08000166   Section        0  libinit2.o(.ARM.Collect$$libinit$$00000013)
    .ARM.Collect$$libinit$$00000015          0x08000166   Section        0  libinit2.o(.ARM.Collect$$libinit$$00000015)
    .ARM.Collect$$libinit$$00000017          0x08000166   Section        0  libinit2.o(.ARM.Collect$$libinit$$00000017)
    .ARM.Collect$$libinit$$00000019          0x08000166   Section        0  libinit2.o(.ARM.Collect$$libinit$$00000019)
    .ARM.Collect$$libinit$$0000001B          0x08000166   Section        0  libinit2.o(.ARM.Collect$$libinit$$0000001B)
    .ARM.Collect$$libinit$$0000001D          0x08000166   Section        0  libinit2.o(.ARM.Collect$$libinit$$0000001D)
    .ARM.Collect$$libinit$$0000001F          0x08000166   Section        0  libinit2.o(.ARM.Collect$$libinit$$0000001F)
    .ARM.Collect$$libinit$$00000021          0x08000166   Section        0  libinit2.o(.ARM.Collect$$libinit$$00000021)
    .ARM.Collect$$libinit$$00000023          0x08000166   Section        0  libinit2.o(.ARM.Collect$$libinit$$00000023)
    .ARM.Collect$$libinit$$0000002A          0x08000166   Section        0  libinit2.o(.ARM.Collect$$libinit$$0000002A)
    .ARM.Collect$$libinit$$0000002C          0x08000166   Section        0  libinit2.o(.ARM.Collect$$libinit$$0000002C)
    .ARM.Collect$$libinit$$0000002E          0x08000166   Section        0  libinit2.o(.ARM.Collect$$libinit$$0000002E)
    .ARM.Collect$$libinit$$00000030          0x08000166   Section        0  libinit2.o(.ARM.Collect$$libinit$$00000030)
    .ARM.Collect$$libinit$$00000031          0x08000166   Section        2  libinit2.o(.ARM.Collect$$libinit$$00000031)
    .ARM.Collect$$libshutdown$$00000000      0x08000168   Section        2  libshutdown.o(.ARM.Collect$$libshutdown$$00000000)
    .ARM.Collect$$libshutdown$$00000003      0x0800016a   Section        0  libshutdown2.o(.ARM.Collect$$libshutdown$$00000003)
    .ARM.Collect$$libshutdown$$00000006      0x0800016a   Section        0  libshutdown2.o(.ARM.Collect$$libshutdown$$00000006)
    .ARM.Collect$$libshutdown$$00000009      0x0800016a   Section        0  libshutdown2.o(.ARM.Collect$$libshutdown$$00000009)
    .ARM.Collect$$libshutdown$$0000000B      0x0800016a   Section        0  libshutdown2.o(.ARM.Collect$$libshutdown$$0000000B)
    .ARM.Collect$$libshutdown$$0000000E      0x0800016a   Section        0  libshutdown2.o(.ARM.Collect$$libshutdown$$0000000E)
    .ARM.Collect$$libshutdown$$0000000F      0x0800016a   Section        2  libshutdown2.o(.ARM.Collect$$libshutdown$$0000000F)
    .ARM.Collect$$rtentry$$00000000          0x0800016c   Section        0  rtentry.o(.ARM.Collect$$rtentry$$00000000)
    .ARM.Collect$$rtentry$$00000002          0x0800016c   Section        0  rtentry2.o(.ARM.Collect$$rtentry$$00000002)
    .ARM.Collect$$rtentry$$00000004          0x0800016c   Section        6  rtentry4.o(.ARM.Collect$$rtentry$$00000004)
    .ARM.Collect$$rtentry$$00000009          0x08000172   Section        0  rtentry2.o(.ARM.Collect$$rtentry$$00000009)
    .ARM.Collect$$rtentry$$0000000A          0x08000172   Section        4  rtentry2.o(.ARM.Collect$$rtentry$$0000000A)
    .ARM.Collect$$rtentry$$0000000C          0x08000176   Section        0  rtentry2.o(.ARM.Collect$$rtentry$$0000000C)
    .ARM.Collect$$rtentry$$0000000D          0x08000176   Section        8  rtentry2.o(.ARM.Collect$$rtentry$$0000000D)
    .ARM.Collect$$rtexit$$00000000           0x0800017e   Section        2  rtexit.o(.ARM.Collect$$rtexit$$00000000)
    .ARM.Collect$$rtexit$$00000002           0x08000180   Section        0  rtexit2.o(.ARM.Collect$$rtexit$$00000002)
    .ARM.Collect$$rtexit$$00000003           0x08000180   Section        4  rtexit2.o(.ARM.Collect$$rtexit$$00000003)
    .ARM.Collect$$rtexit$$00000004           0x08000184   Section        6  rtexit2.o(.ARM.Collect$$rtexit$$00000004)
    .text                                    0x0800018c   Section        0  stm32f10x_it.o(.text)
    .text                                    0x080002c8   Section        0  main.o(.text)
    .text                                    0x08000394   Section        0  wlm.o(.text)
    .text                                    0x080004c4   Section        0  chan.o(.text)
    .text                                    0x08000590   Section        0  checkframe.o(.text)
    chk_frm                                  0x08000591   Thumb Code   512  checkframe.o(.text)
    .text                                    0x08000854   Section        0  param.o(.text)
    .text                                    0x080008dc   Section        0  utm.o(.text)
    UTM_OUTPUT                               0x080008dd   Thumb Code   350  utm.o(.text)
    UTM_BSN_DO                               0x08000a3b   Thumb Code     2  utm.o(.text)
    .text                                    0x08000b60   Section        0  pbuf.o(.text)
    .text                                    0x08000b9c   Section        0  api.o(.text)
    .text                                    0x0800121c   Section        0  stm32f10x_rcc.o(.text)
    .text                                    0x080015b8   Section        0  stm32f10x_usart.o(.text)
    .text                                    0x080019c0   Section        0  misc.o(.text)
    .text                                    0x08001a9c   Section        0  stm32f10x_gpio.o(.text)
    .text                                    0x08001df4   Section        0  stm32f10x_can.o(.text)
    CheckITStatus                            0x080025f7   Thumb Code    16  stm32f10x_can.o(.text)
    .text                                    0x080027e0   Section        0  m35.o(.text)
    .text                                    0x08002e40   Section        0  delay.o(.text)
    .text                                    0x08002f04   Section        0  bsp.o(.text)
    .text                                    0x08003354   Section        0  system_stm32f10x.o(.text)
    SetSysClockTo72                          0x08003355   Thumb Code   192  system_stm32f10x.o(.text)
    SetSysClock                              0x08003415   Thumb Code     8  system_stm32f10x.o(.text)
    .text                                    0x0800351c   Section       64  startup_stm32f10x_md.o(.text)
    .text                                    0x0800355c   Section        0  ios157654.o(.text)
    .text                                    0x080035f8   Section        2  use_no_semi_2.o(.text)
    .text                                    0x080035fc   Section        0  noretval__2printf.o(.text)
    .text                                    0x08003614   Section        0  __printf.o(.text)
    .text                                    0x08003680   Section        0  assert.o(.text)
    .text                                    0x080036fc   Section        0  strcpy.o(.text)
    .text                                    0x08003744   Section        0  strlen.o(.text)
    .text                                    0x08003782   Section        0  strncmp.o(.text)
    .text                                    0x08003818   Section        0  strcat.o(.text)
    .text                                    0x08003830   Section      138  rt_memcpy_v6.o(.text)
    .text                                    0x080038bc   Section      128  strcmpv7m.o(.text)
    .text                                    0x0800393c   Section        0  heapauxi.o(.text)
    .text                                    0x08003942   Section        2  use_no_semi.o(.text)
    .text                                    0x08003944   Section        0  _printf_char_file.o(.text)
    .text                                    0x08003968   Section        0  abort.o(.text)
    .text                                    0x08003978   Section        0  assert_puts.o(.text)
    .text                                    0x0800398c   Section      100  rt_memcpy_w.o(.text)
    .text                                    0x080039f0   Section        0  _printf_char_common.o(.text)
    _printf_input_char                       0x080039f1   Thumb Code    10  _printf_char_common.o(.text)
    .text                                    0x08003a20   Section        0  ferror.o(.text)
    .text                                    0x08003a28   Section        0  defsig_abrt_outer.o(.text)
    .text                                    0x08003a36   Section       74  sys_stackheap_outer.o(.text)
    .text                                    0x08003a80   Section        0  exit.o(.text)
    .text                                    0x08003a8c   Section        0  defsig_exit.o(.text)
    .text                                    0x08003a98   Section        0  defsig_abrt_inner.o(.text)
    .text                                    0x08003ac8   Section        8  libspace.o(.text)
    .text                                    0x08003ad0   Section        0  defsig_general.o(.text)
    .data                                    0x20000000   Section        1  main.o(.data)
    .data                                    0x20000001   Section        1  checkframe.o(.data)
    thechk_id                                0x20000001   Data           1  checkframe.o(.data)
    .data                                    0x20000004   Section       48  param.o(.data)
    TerminalParam                            0x20000004   Data          48  param.o(.data)
    .data                                    0x20000034   Section       19  api.o(.data)
    MainTime                                 0x20000037   Data           4  api.o(.data)
    .data                                    0x20000047   Section       20  stm32f10x_rcc.o(.data)
    APBAHBPrescTable                         0x20000047   Data          16  stm32f10x_rcc.o(.data)
    ADCPrescTable                            0x20000057   Data           4  stm32f10x_rcc.o(.data)
    .data                                    0x2000005c   Section        4  delay.o(.data)
    fac_us                                   0x2000005c   Data           1  delay.o(.data)
    fac_ms                                   0x2000005e   Data           2  delay.o(.data)
    .data                                    0x20000060   Section        4  bsp.o(.data)
    .data                                    0x20000064   Section       20  system_stm32f10x.o(.data)
    .data                                    0x20000078   Section        1  ios157654.o(.data)
    .bss                                     0x2000007c   Section      258  stm32f10x_it.o(.bss)
    .bss                                     0x2000017e   Section       68  main.o(.bss)
    .bss                                     0x200001c4   Section       72  wlm.o(.bss)
    WirelessModuleCB                         0x200001c4   Data          72  wlm.o(.bss)
    .bss                                     0x2000020c   Section       28  checkframe.o(.bss)
    thechk                                   0x2000020c   Data          28  checkframe.o(.bss)
    .bss                                     0x20000228   Section       28  utm.o(.bss)
    UTM                                      0x20000228   Data          28  utm.o(.bss)
    .bss                                     0x20000244   Section     2064  pbuf.o(.bss)
    sysPBuf                                  0x20000244   Data        2064  pbuf.o(.bss)
    .bss                                     0x20000a54   Section      564  ios157654.o(.bss)
    .bss                                     0x20000c88   Section       96  libspace.o(.bss)
    HEAP                                     0x20000ce8   Section      512  startup_stm32f10x_md.o(HEAP)
    Heap_Mem                                 0x20000ce8   Data         512  startup_stm32f10x_md.o(HEAP)
    STACK                                    0x20000ee8   Section     1024  startup_stm32f10x_md.o(STACK)
    Stack_Mem                                0x20000ee8   Data        1024  startup_stm32f10x_md.o(STACK)
    __initial_sp                             0x200012e8   Data           0  startup_stm32f10x_md.o(STACK)

    Global Symbols

    Symbol Name                              Value     Ov Type        Size  Object(Section)

    BuildAttributes$$THM_ISAv4$P$D$K$B$S$PE$A:L22UL41UL21$X:L11$S22US41US21$IEEE1$IW$USESV6$~STKCKD$USESV7$~SHL$OSPACE$ROPI$EBA8$UX$STANDARDLIB$REQ8$PRES8$EABIv2 0x00000000   Number         0  anon$$obj.o ABSOLUTE
    __ARM_use_no_argv                        0x00000000   Number         0  main.o ABSOLUTE
    __ARM_exceptions_init                     - Undefined Weak Reference
    __alloca_initialize                       - Undefined Weak Reference
    __cpp_initialize__aeabi_                  - Undefined Weak Reference
    __cxa_finalize                            - Undefined Weak Reference
    __rt_locale                               - Undefined Weak Reference
    __sigvec_lookup                           - Undefined Weak Reference
    _atexit_init                              - Undefined Weak Reference
    _call_atexit_fns                          - Undefined Weak Reference
    _clock_init                               - Undefined Weak Reference
    _fp_trap_init                             - Undefined Weak Reference
    _fp_trap_shutdown                         - Undefined Weak Reference
    _get_lc_collate                           - Undefined Weak Reference
    _get_lc_ctype                             - Undefined Weak Reference
    _get_lc_monetary                          - Undefined Weak Reference
    _get_lc_numeric                           - Undefined Weak Reference
    _get_lc_time                              - Undefined Weak Reference
    _getenv_init                              - Undefined Weak Reference
    _handle_redirection                       - Undefined Weak Reference
    _init_alloc                               - Undefined Weak Reference
    _init_user_alloc                          - Undefined Weak Reference
    _initio                                   - Undefined Weak Reference
    _mutex_acquire                            - Undefined Weak Reference
    _mutex_release                            - Undefined Weak Reference
    _rand_init                                - Undefined Weak Reference
    _signal_finish                            - Undefined Weak Reference
    _signal_init                              - Undefined Weak Reference
    _terminate_alloc                          - Undefined Weak Reference
    _terminate_user_alloc                     - Undefined Weak Reference
    _terminateio                              - Undefined Weak Reference
    __Vectors_Size                           0x000000ec   Number         0  startup_stm32f10x_md.o ABSOLUTE
    __Vectors                                0x08000000   Data           4  startup_stm32f10x_md.o(RESET)
    __Vectors_End                            0x080000ec   Data           0  startup_stm32f10x_md.o(RESET)
    __main                                   0x080000ed   Thumb Code     8  __main.o(!!!main)
    __scatterload                            0x080000f5   Thumb Code     0  __scatter.o(!!!scatter)
    __scatterload_rt2                        0x080000f5   Thumb Code    44  __scatter.o(!!!scatter)
    __scatterload_rt2_thumb_only             0x080000f5   Thumb Code     0  __scatter.o(!!!scatter)
    __scatterload_null                       0x08000103   Thumb Code     0  __scatter.o(!!!scatter)
    __scatterload_copy                       0x08000129   Thumb Code    26  __scatter_copy.o(!!handler_copy)
    __scatterload_zeroinit                   0x08000145   Thumb Code    28  __scatter_zi.o(!!handler_zi)
    _printf_percent                          0x08000161   Thumb Code     0  _printf_percent.o(.ARM.Collect$$_printf_percent$$00000000)
    _printf_percent_end                      0x08000161   Thumb Code     0  _printf_percent_end.o(.ARM.Collect$$_printf_percent$$00000017)
    __rt_lib_init                            0x08000165   Thumb Code     0  libinit.o(.ARM.Collect$$libinit$$00000000)
    __rt_lib_init_alloca_1                   0x08000167   Thumb Code     0  libinit2.o(.ARM.Collect$$libinit$$0000002C)
    __rt_lib_init_argv_1                     0x08000167   Thumb Code     0  libinit2.o(.ARM.Collect$$libinit$$0000002A)
    __rt_lib_init_atexit_1                   0x08000167   Thumb Code     0  libinit2.o(.ARM.Collect$$libinit$$00000019)
    __rt_lib_init_clock_1                    0x08000167   Thumb Code     0  libinit2.o(.ARM.Collect$$libinit$$0000001F)
    __rt_lib_init_cpp_1                      0x08000167   Thumb Code     0  libinit2.o(.ARM.Collect$$libinit$$00000030)
    __rt_lib_init_exceptions_1               0x08000167   Thumb Code     0  libinit2.o(.ARM.Collect$$libinit$$0000002E)
    __rt_lib_init_fp_1                       0x08000167   Thumb Code     0  libinit2.o(.ARM.Collect$$libinit$$00000002)
    __rt_lib_init_fp_trap_1                  0x08000167   Thumb Code     0  libinit2.o(.ARM.Collect$$libinit$$0000001D)
    __rt_lib_init_getenv_1                   0x08000167   Thumb Code     0  libinit2.o(.ARM.Collect$$libinit$$00000021)
    __rt_lib_init_heap_1                     0x08000167   Thumb Code     0  libinit2.o(.ARM.Collect$$libinit$$00000008)
    __rt_lib_init_lc_collate_1               0x08000167   Thumb Code     0  libinit2.o(.ARM.Collect$$libinit$$0000000F)
    __rt_lib_init_lc_ctype_1                 0x08000167   Thumb Code     0  libinit2.o(.ARM.Collect$$libinit$$00000011)
    __rt_lib_init_lc_monetary_1              0x08000167   Thumb Code     0  libinit2.o(.ARM.Collect$$libinit$$00000013)
    __rt_lib_init_lc_numeric_1               0x08000167   Thumb Code     0  libinit2.o(.ARM.Collect$$libinit$$00000015)
    __rt_lib_init_lc_time_1                  0x08000167   Thumb Code     0  libinit2.o(.ARM.Collect$$libinit$$00000017)
    __rt_lib_init_rand_1                     0x08000167   Thumb Code     0  libinit2.o(.ARM.Collect$$libinit$$0000000C)
    __rt_lib_init_return                     0x08000167   Thumb Code     0  libinit2.o(.ARM.Collect$$libinit$$00000031)
    __rt_lib_init_signal_1                   0x08000167   Thumb Code     0  libinit2.o(.ARM.Collect$$libinit$$0000001B)
    __rt_lib_init_stdio_1                    0x08000167   Thumb Code     0  libinit2.o(.ARM.Collect$$libinit$$00000023)
    __rt_lib_init_user_alloc_1               0x08000167   Thumb Code     0  libinit2.o(.ARM.Collect$$libinit$$0000000A)
    __rt_lib_shutdown                        0x08000169   Thumb Code     0  libshutdown.o(.ARM.Collect$$libshutdown$$00000000)
    __rt_lib_shutdown_fp_trap_1              0x0800016b   Thumb Code     0  libshutdown2.o(.ARM.Collect$$libshutdown$$00000006)
    __rt_lib_shutdown_heap_1                 0x0800016b   Thumb Code     0  libshutdown2.o(.ARM.Collect$$libshutdown$$0000000E)
    __rt_lib_shutdown_return                 0x0800016b   Thumb Code     0  libshutdown2.o(.ARM.Collect$$libshutdown$$0000000F)
    __rt_lib_shutdown_signal_1               0x0800016b   Thumb Code     0  libshutdown2.o(.ARM.Collect$$libshutdown$$00000009)
    __rt_lib_shutdown_stdio_1                0x0800016b   Thumb Code     0  libshutdown2.o(.ARM.Collect$$libshutdown$$00000003)
    __rt_lib_shutdown_user_alloc_1           0x0800016b   Thumb Code     0  libshutdown2.o(.ARM.Collect$$libshutdown$$0000000B)
    __rt_entry                               0x0800016d   Thumb Code     0  rtentry.o(.ARM.Collect$$rtentry$$00000000)
    __rt_entry_presh_1                       0x0800016d   Thumb Code     0  rtentry2.o(.ARM.Collect$$rtentry$$00000002)
    __rt_entry_sh                            0x0800016d   Thumb Code     0  rtentry4.o(.ARM.Collect$$rtentry$$00000004)
    __rt_entry_li                            0x08000173   Thumb Code     0  rtentry2.o(.ARM.Collect$$rtentry$$0000000A)
    __rt_entry_postsh_1                      0x08000173   Thumb Code     0  rtentry2.o(.ARM.Collect$$rtentry$$00000009)
    __rt_entry_main                          0x08000177   Thumb Code     0  rtentry2.o(.ARM.Collect$$rtentry$$0000000D)
    __rt_entry_postli_1                      0x08000177   Thumb Code     0  rtentry2.o(.ARM.Collect$$rtentry$$0000000C)
    __rt_exit                                0x0800017f   Thumb Code     0  rtexit.o(.ARM.Collect$$rtexit$$00000000)
    __rt_exit_ls                             0x08000181   Thumb Code     0  rtexit2.o(.ARM.Collect$$rtexit$$00000003)
    __rt_exit_prels_1                        0x08000181   Thumb Code     0  rtexit2.o(.ARM.Collect$$rtexit$$00000002)
    __rt_exit_exit                           0x08000185   Thumb Code     0  rtexit2.o(.ARM.Collect$$rtexit$$00000004)
    NMI_Handler                              0x0800018d   Thumb Code     2  stm32f10x_it.o(.text)
    HardFault_Handler                        0x0800018f   Thumb Code     4  stm32f10x_it.o(.text)
    MemManage_Handler                        0x08000193   Thumb Code     4  stm32f10x_it.o(.text)
    BusFault_Handler                         0x08000197   Thumb Code     4  stm32f10x_it.o(.text)
    UsageFault_Handler                       0x0800019b   Thumb Code     4  stm32f10x_it.o(.text)
    SVC_Handler                              0x0800019f   Thumb Code     2  stm32f10x_it.o(.text)
    DebugMon_Handler                         0x080001a1   Thumb Code     2  stm32f10x_it.o(.text)
    PendSV_Handler                           0x080001a3   Thumb Code     2  stm32f10x_it.o(.text)
    SysTick_Handler                          0x080001a5   Thumb Code     2  stm32f10x_it.o(.text)
    USART1_IRQHandler                        0x080001a7   Thumb Code   100  stm32f10x_it.o(.text)
    USB_LP_CAN1_RX0_IRQHandler               0x0800020b   Thumb Code    20  stm32f10x_it.o(.text)
    USART2_IRQHandler                        0x0800021f   Thumb Code   138  stm32f10x_it.o(.text)
    RTC_IRQHandler                           0x080002a9   Thumb Code     2  stm32f10x_it.o(.text)
    tmp                                      0x080002c9   Thumb Code     2  main.o(.text)
    main                                     0x080002cb   Thumb Code   180  main.o(.text)
    WlmInit                                  0x08000395   Thumb Code   100  wlm.o(.text)
    WlmSend                                  0x080003f9   Thumb Code   118  wlm.o(.text)
    ChanInit                                 0x080004c5   Thumb Code     8  chan.o(.text)
    ChanSend                                 0x080004cd   Thumb Code    30  chan.o(.text)
    ChanSendLinkFrame                        0x080004eb   Thumb Code   124  chan.o(.text)
    CheckFrameInit                           0x08000791   Thumb Code   132  checkframe.o(.text)
    ParamRequest                             0x08000855   Thumb Code   108  param.o(.text)
    UTM_DO                                   0x08000a3d   Thumb Code    42  utm.o(.text)
    CanActiveReport                          0x08000a67   Thumb Code   204  utm.o(.text)
    PBufAlloc                                0x08000b61   Thumb Code    50  pbuf.o(.text)
    PBufFree                                 0x08000b93   Thumb Code     6  pbuf.o(.text)
    GetMainTime                              0x08000b9d   Thumb Code     8  api.o(.text)
    SetMainTime                              0x08000ba5   Thumb Code     8  api.o(.text)
    HowLongTime                              0x08000bad   Thumb Code   250  api.o(.text)
    MainTimeGo                               0x08000ca7   Thumb Code   152  api.o(.text)
    U16AddToAsciiString                      0x08000d3f   Thumb Code   476  api.o(.text)
    U8AddToAsciiString                       0x08000f1b   Thumb Code   194  api.o(.text)
    CheckReportState                         0x08000fdd   Thumb Code   140  api.o(.text)
    CanReport                                0x08001069   Thumb Code   350  api.o(.text)
    HeartReport                              0x080011c7   Thumb Code    14  api.o(.text)
    GpsReport                                0x080011d5   Thumb Code     2  api.o(.text)
    RCC_DeInit                               0x0800121d   Thumb Code    64  stm32f10x_rcc.o(.text)
    RCC_HSEConfig                            0x0800125d   Thumb Code    70  stm32f10x_rcc.o(.text)
    RCC_GetFlagStatus                        0x080012a3   Thumb Code    56  stm32f10x_rcc.o(.text)
    RCC_WaitForHSEStartUp                    0x080012db   Thumb Code    48  stm32f10x_rcc.o(.text)
    RCC_AdjustHSICalibrationValue            0x0800130b   Thumb Code    20  stm32f10x_rcc.o(.text)
    RCC_HSICmd                               0x0800131f   Thumb Code     6  stm32f10x_rcc.o(.text)
    RCC_PLLConfig                            0x08001325   Thumb Code    24  stm32f10x_rcc.o(.text)
    RCC_PLLCmd                               0x0800133d   Thumb Code     6  stm32f10x_rcc.o(.text)
    RCC_SYSCLKConfig                         0x08001343   Thumb Code    18  stm32f10x_rcc.o(.text)
    RCC_GetSYSCLKSource                      0x08001355   Thumb Code    10  stm32f10x_rcc.o(.text)
    RCC_HCLKConfig                           0x0800135f   Thumb Code    18  stm32f10x_rcc.o(.text)
    RCC_PCLK1Config                          0x08001371   Thumb Code    18  stm32f10x_rcc.o(.text)
    RCC_PCLK2Config                          0x08001383   Thumb Code    20  stm32f10x_rcc.o(.text)
    RCC_ITConfig                             0x08001397   Thumb Code    26  stm32f10x_rcc.o(.text)
    RCC_USBCLKConfig                         0x080013b1   Thumb Code     6  stm32f10x_rcc.o(.text)
    RCC_ADCCLKConfig                         0x080013b7   Thumb Code    18  stm32f10x_rcc.o(.text)
    RCC_LSEConfig                            0x080013c9   Thumb Code    44  stm32f10x_rcc.o(.text)
    RCC_LSICmd                               0x080013f5   Thumb Code     6  stm32f10x_rcc.o(.text)
    RCC_RTCCLKConfig                         0x080013fb   Thumb Code    12  stm32f10x_rcc.o(.text)
    RCC_RTCCLKCmd                            0x08001407   Thumb Code     8  stm32f10x_rcc.o(.text)
    RCC_GetClocksFreq                        0x0800140f   Thumb Code   192  stm32f10x_rcc.o(.text)
    RCC_AHBPeriphClockCmd                    0x080014cf   Thumb Code    26  stm32f10x_rcc.o(.text)
    RCC_APB2PeriphClockCmd                   0x080014e9   Thumb Code    26  stm32f10x_rcc.o(.text)
    RCC_APB1PeriphClockCmd                   0x08001503   Thumb Code    26  stm32f10x_rcc.o(.text)
    RCC_APB2PeriphResetCmd                   0x0800151d   Thumb Code    26  stm32f10x_rcc.o(.text)
    RCC_APB1PeriphResetCmd                   0x08001537   Thumb Code    26  stm32f10x_rcc.o(.text)
    RCC_BackupResetCmd                       0x08001551   Thumb Code     8  stm32f10x_rcc.o(.text)
    RCC_ClockSecuritySystemCmd               0x08001559   Thumb Code     6  stm32f10x_rcc.o(.text)
    RCC_MCOConfig                            0x0800155f   Thumb Code     6  stm32f10x_rcc.o(.text)
    RCC_ClearFlag                            0x08001565   Thumb Code    14  stm32f10x_rcc.o(.text)
    RCC_GetITStatus                          0x08001573   Thumb Code    20  stm32f10x_rcc.o(.text)
    RCC_ClearITPendingBit                    0x08001587   Thumb Code     6  stm32f10x_rcc.o(.text)
    USART_DeInit                             0x080015b9   Thumb Code   134  stm32f10x_usart.o(.text)
    USART_Init                               0x0800163f   Thumb Code   210  stm32f10x_usart.o(.text)
    USART_StructInit                         0x08001711   Thumb Code    24  stm32f10x_usart.o(.text)
    USART_ClockInit                          0x08001729   Thumb Code    34  stm32f10x_usart.o(.text)
    USART_ClockStructInit                    0x0800174b   Thumb Code    12  stm32f10x_usart.o(.text)
    USART_Cmd                                0x08001757   Thumb Code    24  stm32f10x_usart.o(.text)
    USART_ITConfig                           0x0800176f   Thumb Code    74  stm32f10x_usart.o(.text)
    USART_DMACmd                             0x080017b9   Thumb Code    18  stm32f10x_usart.o(.text)
    USART_SetAddress                         0x080017cb   Thumb Code    18  stm32f10x_usart.o(.text)
    USART_WakeUpConfig                       0x080017dd   Thumb Code    18  stm32f10x_usart.o(.text)
    USART_ReceiverWakeUpCmd                  0x080017ef   Thumb Code    24  stm32f10x_usart.o(.text)
    USART_LINBreakDetectLengthConfig         0x08001807   Thumb Code    18  stm32f10x_usart.o(.text)
    USART_LINCmd                             0x08001819   Thumb Code    24  stm32f10x_usart.o(.text)
    USART_SendData                           0x08001831   Thumb Code     8  stm32f10x_usart.o(.text)
    USART_ReceiveData                        0x08001839   Thumb Code    10  stm32f10x_usart.o(.text)
    USART_SendBreak                          0x08001843   Thumb Code    10  stm32f10x_usart.o(.text)
    USART_SetGuardTime                       0x0800184d   Thumb Code    16  stm32f10x_usart.o(.text)
    USART_SetPrescaler                       0x0800185d   Thumb Code    16  stm32f10x_usart.o(.text)
    USART_SmartCardCmd                       0x0800186d   Thumb Code    24  stm32f10x_usart.o(.text)
    USART_SmartCardNACKCmd                   0x08001885   Thumb Code    24  stm32f10x_usart.o(.text)
    USART_HalfDuplexCmd                      0x0800189d   Thumb Code    24  stm32f10x_usart.o(.text)
    USART_OverSampling8Cmd                   0x080018b5   Thumb Code    22  stm32f10x_usart.o(.text)
    USART_OneBitMethodCmd                    0x080018cb   Thumb Code    24  stm32f10x_usart.o(.text)
    USART_IrDAConfig                         0x080018e3   Thumb Code    18  stm32f10x_usart.o(.text)
    USART_IrDACmd                            0x080018f5   Thumb Code    24  stm32f10x_usart.o(.text)
    USART_GetFlagStatus                      0x0800190d   Thumb Code    26  stm32f10x_usart.o(.text)
    USART_ClearFlag                          0x08001927   Thumb Code    18  stm32f10x_usart.o(.text)
    USART_GetITStatus                        0x08001939   Thumb Code    84  stm32f10x_usart.o(.text)
    USART_ClearITPendingBit                  0x0800198d   Thumb Code    52  stm32f10x_usart.o(.text)
    NVIC_PriorityGroupConfig                 0x080019c1   Thumb Code    10  misc.o(.text)
    NVIC_Init                                0x080019cb   Thumb Code   102  misc.o(.text)
    NVIC_SetVectorTable                      0x08001a31   Thumb Code    14  misc.o(.text)
    NVIC_SystemLPConfig                      0x08001a3f   Thumb Code    34  misc.o(.text)
    SysTick_CLKSourceConfig                  0x08001a61   Thumb Code    40  misc.o(.text)
    GPIO_DeInit                              0x08001a9d   Thumb Code   172  stm32f10x_gpio.o(.text)
    GPIO_AFIODeInit                          0x08001b49   Thumb Code    20  stm32f10x_gpio.o(.text)
    GPIO_Init                                0x08001b5d   Thumb Code   274  stm32f10x_gpio.o(.text)
    GPIO_StructInit                          0x08001c6f   Thumb Code    16  stm32f10x_gpio.o(.text)
    GPIO_ReadInputDataBit                    0x08001c7f   Thumb Code    18  stm32f10x_gpio.o(.text)
    GPIO_ReadInputData                       0x08001c91   Thumb Code     8  stm32f10x_gpio.o(.text)
    GPIO_ReadOutputDataBit                   0x08001c99   Thumb Code    18  stm32f10x_gpio.o(.text)
    GPIO_ReadOutputData                      0x08001cab   Thumb Code     8  stm32f10x_gpio.o(.text)
    GPIO_SetBits                             0x08001cb3   Thumb Code     4  stm32f10x_gpio.o(.text)
    GPIO_ResetBits                           0x08001cb7   Thumb Code     4  stm32f10x_gpio.o(.text)
    GPIO_WriteBit                            0x08001cbb   Thumb Code    10  stm32f10x_gpio.o(.text)
    GPIO_Write                               0x08001cc5   Thumb Code     4  stm32f10x_gpio.o(.text)
    GPIO_PinLockConfig                       0x08001cc9   Thumb Code    18  stm32f10x_gpio.o(.text)
    GPIO_EventOutputConfig                   0x08001cdb   Thumb Code    26  stm32f10x_gpio.o(.text)
    GPIO_EventOutputCmd                      0x08001cf5   Thumb Code     6  stm32f10x_gpio.o(.text)
    GPIO_PinRemapConfig                      0x08001cfb   Thumb Code   138  stm32f10x_gpio.o(.text)
    GPIO_EXTILineConfig                      0x08001d85   Thumb Code    66  stm32f10x_gpio.o(.text)
    GPIO_ETH_MediaInterfaceConfig            0x08001dc7   Thumb Code     6  stm32f10x_gpio.o(.text)
    CAN_DeInit                               0x08001df5   Thumb Code    50  stm32f10x_can.o(.text)
    CAN_Init                                 0x08001e27   Thumb Code   276  stm32f10x_can.o(.text)
    CAN_FilterInit                           0x08001f3b   Thumb Code   258  stm32f10x_can.o(.text)
    CAN_StructInit                           0x0800203d   Thumb Code    32  stm32f10x_can.o(.text)
    CAN_SlaveStartBank                       0x0800205d   Thumb Code    48  stm32f10x_can.o(.text)
    CAN_DBGFreeze                            0x0800208d   Thumb Code    22  stm32f10x_can.o(.text)
    CAN_TTComModeCmd                         0x080020a3   Thumb Code   118  stm32f10x_can.o(.text)
    CAN_Transmit                             0x08002119   Thumb Code   304  stm32f10x_can.o(.text)
    CAN_TransmitStatus                       0x08002249   Thumb Code   138  stm32f10x_can.o(.text)
    CAN_CancelTransmit                       0x080022d3   Thumb Code    48  stm32f10x_can.o(.text)
    CAN_Receive                              0x08002303   Thumb Code   240  stm32f10x_can.o(.text)
    CAN_FIFORelease                          0x080023f3   Thumb Code    22  stm32f10x_can.o(.text)
    CAN_MessagePending                       0x08002409   Thumb Code    30  stm32f10x_can.o(.text)
    CAN_OperatingModeRequest                 0x08002427   Thumb Code   162  stm32f10x_can.o(.text)
    CAN_Sleep                                0x080024c9   Thumb Code    30  stm32f10x_can.o(.text)
    CAN_WakeUp                               0x080024e7   Thumb Code    48  stm32f10x_can.o(.text)
    CAN_GetLastErrorCode                     0x08002517   Thumb Code    12  stm32f10x_can.o(.text)
    CAN_GetReceiveErrorCounter               0x08002523   Thumb Code    10  stm32f10x_can.o(.text)
    CAN_GetLSBTransmitErrorCounter           0x0800252d   Thumb Code    12  stm32f10x_can.o(.text)
    CAN_ITConfig                             0x08002539   Thumb Code    18  stm32f10x_can.o(.text)
    CAN_GetFlagStatus                        0x0800254b   Thumb Code   120  stm32f10x_can.o(.text)
    CAN_ClearFlag                            0x080025c3   Thumb Code    52  stm32f10x_can.o(.text)
    CAN_GetITStatus                          0x08002607   Thumb Code   308  stm32f10x_can.o(.text)
    CAN_ClearITPendingBit                    0x0800273b   Thumb Code   162  stm32f10x_can.o(.text)
    M35_Start                                0x080027e1   Thumb Code   122  m35.o(.text)
    SIM_SendCmd                              0x0800285b   Thumb Code   164  m35.o(.text)
    M35_TCPConnect                           0x080028ff   Thumb Code   638  m35.o(.text)
    SIM_SendBuf                              0x08002b7d   Thumb Code   648  m35.o(.text)
    IPAdressAddToAsciiString                 0x08002e05   Thumb Code    52  m35.o(.text)
    delay_init                               0x08002e41   Thumb Code    54  delay.o(.text)
    delay_ms                                 0x08002e77   Thumb Code    54  delay.o(.text)
    delay_us                                 0x08002ead   Thumb Code    54  delay.o(.text)
    delay_s                                  0x08002ee3   Thumb Code    26  delay.o(.text)
    _sys_exit                                0x08002f05   Thumb Code     6  bsp.o(.text)
    fputc                                    0x08002f0b   Thumb Code    22  bsp.o(.text)
    _ttywrch                                 0x08002f21   Thumb Code     6  bsp.o(.text)
    M35_GPIOInit                             0x08002f27   Thumb Code    68  bsp.o(.text)
    M35_USARTx_Config                        0x08002f6b   Thumb Code   146  bsp.o(.text)
    GPS_USARTx_Config                        0x08002ffd   Thumb Code   148  bsp.o(.text)
    RTC_Init                                 0x08003091   Thumb Code     2  bsp.o(.text)
    NVIC_Config                              0x08003093   Thumb Code   126  bsp.o(.text)
    LED_init                                 0x08003111   Thumb Code    90  bsp.o(.text)
    LED4_ONOFF                               0x0800316b   Thumb Code    54  bsp.o(.text)
    ClearRAM                                 0x080031a1   Thumb Code    18  bsp.o(.text)
    CAN1_GPIOConfig                          0x080031b3   Thumb Code    72  bsp.o(.text)
    CAN_Cofig                                0x080031fb   Thumb Code    84  bsp.o(.text)
    CAN1_Config32BitFilter                   0x0800324f   Thumb Code   152  bsp.o(.text)
    CAN1_Config16BitFilter                   0x080032e7   Thumb Code   108  bsp.o(.text)
    SystemInit                               0x0800341d   Thumb Code    78  system_stm32f10x.o(.text)
    SystemCoreClockUpdate                    0x0800346b   Thumb Code   142  system_stm32f10x.o(.text)
    Reset_Handler                            0x0800351d   Thumb Code     8  startup_stm32f10x_md.o(.text)
    ADC1_2_IRQHandler                        0x08003537   Thumb Code     0  startup_stm32f10x_md.o(.text)
    CAN1_RX1_IRQHandler                      0x08003537   Thumb Code     0  startup_stm32f10x_md.o(.text)
    CAN1_SCE_IRQHandler                      0x08003537   Thumb Code     0  startup_stm32f10x_md.o(.text)
    DMA1_Channel1_IRQHandler                 0x08003537   Thumb Code     0  startup_stm32f10x_md.o(.text)
    DMA1_Channel2_IRQHandler                 0x08003537   Thumb Code     0  startup_stm32f10x_md.o(.text)
    DMA1_Channel3_IRQHandler                 0x08003537   Thumb Code     0  startup_stm32f10x_md.o(.text)
    DMA1_Channel4_IRQHandler                 0x08003537   Thumb Code     0  startup_stm32f10x_md.o(.text)
    DMA1_Channel5_IRQHandler                 0x08003537   Thumb Code     0  startup_stm32f10x_md.o(.text)
    DMA1_Channel6_IRQHandler                 0x08003537   Thumb Code     0  startup_stm32f10x_md.o(.text)
    DMA1_Channel7_IRQHandler                 0x08003537   Thumb Code     0  startup_stm32f10x_md.o(.text)
    EXTI0_IRQHandler                         0x08003537   Thumb Code     0  startup_stm32f10x_md.o(.text)
    EXTI15_10_IRQHandler                     0x08003537   Thumb Code     0  startup_stm32f10x_md.o(.text)
    EXTI1_IRQHandler                         0x08003537   Thumb Code     0  startup_stm32f10x_md.o(.text)
    EXTI2_IRQHandler                         0x08003537   Thumb Code     0  startup_stm32f10x_md.o(.text)
    EXTI3_IRQHandler                         0x08003537   Thumb Code     0  startup_stm32f10x_md.o(.text)
    EXTI4_IRQHandler                         0x08003537   Thumb Code     0  startup_stm32f10x_md.o(.text)
    EXTI9_5_IRQHandler                       0x08003537   Thumb Code     0  startup_stm32f10x_md.o(.text)
    FLASH_IRQHandler                         0x08003537   Thumb Code     0  startup_stm32f10x_md.o(.text)
    I2C1_ER_IRQHandler                       0x08003537   Thumb Code     0  startup_stm32f10x_md.o(.text)
    I2C1_EV_IRQHandler                       0x08003537   Thumb Code     0  startup_stm32f10x_md.o(.text)
    I2C2_ER_IRQHandler                       0x08003537   Thumb Code     0  startup_stm32f10x_md.o(.text)
    I2C2_EV_IRQHandler                       0x08003537   Thumb Code     0  startup_stm32f10x_md.o(.text)
    PVD_IRQHandler                           0x08003537   Thumb Code     0  startup_stm32f10x_md.o(.text)
    RCC_IRQHandler                           0x08003537   Thumb Code     0  startup_stm32f10x_md.o(.text)
    RTCAlarm_IRQHandler                      0x08003537   Thumb Code     0  startup_stm32f10x_md.o(.text)
    SPI1_IRQHandler                          0x08003537   Thumb Code     0  startup_stm32f10x_md.o(.text)
    SPI2_IRQHandler                          0x08003537   Thumb Code     0  startup_stm32f10x_md.o(.text)
    TAMPER_IRQHandler                        0x08003537   Thumb Code     0  startup_stm32f10x_md.o(.text)
    TIM1_BRK_IRQHandler                      0x08003537   Thumb Code     0  startup_stm32f10x_md.o(.text)
    TIM1_CC_IRQHandler                       0x08003537   Thumb Code     0  startup_stm32f10x_md.o(.text)
    TIM1_TRG_COM_IRQHandler                  0x08003537   Thumb Code     0  startup_stm32f10x_md.o(.text)
    TIM1_UP_IRQHandler                       0x08003537   Thumb Code     0  startup_stm32f10x_md.o(.text)
    TIM2_IRQHandler                          0x08003537   Thumb Code     0  startup_stm32f10x_md.o(.text)
    TIM3_IRQHandler                          0x08003537   Thumb Code     0  startup_stm32f10x_md.o(.text)
    TIM4_IRQHandler                          0x08003537   Thumb Code     0  startup_stm32f10x_md.o(.text)
    USART3_IRQHandler                        0x08003537   Thumb Code     0  startup_stm32f10x_md.o(.text)
    USBWakeUp_IRQHandler                     0x08003537   Thumb Code     0  startup_stm32f10x_md.o(.text)
    USB_HP_CAN1_TX_IRQHandler                0x08003537   Thumb Code     0  startup_stm32f10x_md.o(.text)
    WWDG_IRQHandler                          0x08003537   Thumb Code     0  startup_stm32f10x_md.o(.text)
    __user_initial_stackheap                 0x08003539   Thumb Code     0  startup_stm32f10x_md.o(.text)
    OBD2_CANInit                             0x0800355d   Thumb Code    36  ios157654.o(.text)
    CAN1_DS_UPDATE                           0x08003581   Thumb Code   112  ios157654.o(.text)
    __use_no_semihosting                     0x080035f9   Thumb Code     2  use_no_semi_2.o(.text)
    __2printf                                0x080035fd   Thumb Code    20  noretval__2printf.o(.text)
    __printf                                 0x08003615   Thumb Code   106  __printf.o(.text)
    __aeabi_assert                           0x08003681   Thumb Code    84  assert.o(.text)
    __assert                                 0x08003681   Thumb Code     0  assert.o(.text)
    strcpy                                   0x080036fd   Thumb Code    72  strcpy.o(.text)
    strlen                                   0x08003745   Thumb Code    62  strlen.o(.text)
    strncmp                                  0x08003783   Thumb Code   150  strncmp.o(.text)
    strcat                                   0x08003819   Thumb Code    24  strcat.o(.text)
    __aeabi_memcpy                           0x08003831   Thumb Code     0  rt_memcpy_v6.o(.text)
    __rt_memcpy                              0x08003831   Thumb Code   138  rt_memcpy_v6.o(.text)
    _memcpy_lastbytes                        0x08003897   Thumb Code     0  rt_memcpy_v6.o(.text)
    strcmp                                   0x080038bd   Thumb Code   128  strcmpv7m.o(.text)
    __use_two_region_memory                  0x0800393d   Thumb Code     2  heapauxi.o(.text)
    __rt_heap_escrow$2region                 0x0800393f   Thumb Code     2  heapauxi.o(.text)
    __rt_heap_expand$2region                 0x08003941   Thumb Code     2  heapauxi.o(.text)
    __I$use$semihosting                      0x08003943   Thumb Code     0  use_no_semi.o(.text)
    __use_no_semihosting_swi                 0x08003943   Thumb Code     2  use_no_semi.o(.text)
    _printf_char_file                        0x08003945   Thumb Code    32  _printf_char_file.o(.text)
    abort                                    0x08003969   Thumb Code    16  abort.o(.text)
    __assert_puts                            0x08003979   Thumb Code    20  assert_puts.o(.text)
    __aeabi_memcpy4                          0x0800398d   Thumb Code     0  rt_memcpy_w.o(.text)
    __aeabi_memcpy8                          0x0800398d   Thumb Code     0  rt_memcpy_w.o(.text)
    __rt_memcpy_w                            0x0800398d   Thumb Code   100  rt_memcpy_w.o(.text)
    _memcpy_lastbytes_aligned                0x080039d5   Thumb Code     0  rt_memcpy_w.o(.text)
    _printf_char_common                      0x080039fb   Thumb Code    32  _printf_char_common.o(.text)
    ferror                                   0x08003a21   Thumb Code     8  ferror.o(.text)
    __rt_SIGABRT                             0x08003a29   Thumb Code    14  defsig_abrt_outer.o(.text)
    __user_setup_stackheap                   0x08003a37   Thumb Code    74  sys_stackheap_outer.o(.text)
    exit                                     0x08003a81   Thumb Code    12  exit.o(.text)
    __sig_exit                               0x08003a8d   Thumb Code    10  defsig_exit.o(.text)
    __rt_SIGABRT_inner                       0x08003a99   Thumb Code    14  defsig_abrt_inner.o(.text)
    __user_libspace                          0x08003ac9   Thumb Code     8  libspace.o(.text)
    __user_perproc_libspace                  0x08003ac9   Thumb Code     0  libspace.o(.text)
    __user_perthread_libspace                0x08003ac9   Thumb Code     0  libspace.o(.text)
    __default_signal_display                 0x08003ad1   Thumb Code    50  defsig_general.o(.text)
    Region$$Table$$Base                      0x08003b04   Number         0  anon$$obj.o(Region$$Table)
    Region$$Table$$Limit                     0x08003b24   Number         0  anon$$obj.o(Region$$Table)
    GPS_RX_Count                             0x20000000   Data           1  main.o(.data)
    Flag_CanReport                           0x20000034   Data           1  api.o(.data)
    Flag_GpsReport                           0x20000035   Data           1  api.o(.data)
    Flag_HeartReport                         0x20000036   Data           1  api.o(.data)
    FrontReportCanTime                       0x2000003b   Data           4  api.o(.data)
    FrontReportGpsTime                       0x2000003f   Data           4  api.o(.data)
    FrontReportHeartTime                     0x20000043   Data           4  api.o(.data)
    __stdout                                 0x20000060   Data           4  bsp.o(.data)
    SystemCoreClock                          0x20000064   Data           4  system_stm32f10x.o(.data)
    AHBPrescTable                            0x20000068   Data          16  system_stm32f10x.o(.data)
    Flag_CanUpdate                           0x20000078   Data           1  ios157654.o(.data)
    M35REBUFStructure                        0x2000007c   Data         258  stm32f10x_it.o(.bss)
    GPS_RX_Buffer                            0x2000017e   Data          68  main.o(.bss)
    CanDataSheet                             0x20000a54   Data         542  ios157654.o(.bss)
    RxMessage                                0x20000c74   Data          20  ios157654.o(.bss)
    __libspace_start                         0x20000c88   Data          96  libspace.o(.bss)
    __temporary_stack_top$libspace           0x20000ce8   Data           0  libspace.o(.bss)



==============================================================================

Memory Map of the image

  Image Entry point : 0x080000ed

  Load Region LR_IROM1 (Base: 0x08000000, Size: 0x00003ba0, Max: 0x00020000, ABSOLUTE)

    Execution Region ER_IROM1 (Base: 0x08000000, Size: 0x00003b24, Max: 0x00020000, ABSOLUTE)

    Base Addr    Size         Type   Attr      Idx    E Section Name        Object

    0x08000000   0x000000ec   Data   RO          465    RESET               startup_stm32f10x_md.o
    0x080000ec   0x00000008   Code   RO          536  * !!!main             c_w.l(__main.o)
    0x080000f4   0x00000034   Code   RO          707    !!!scatter          c_w.l(__scatter.o)
    0x08000128   0x0000001a   Code   RO          709    !!handler_copy      c_w.l(__scatter_copy.o)
    0x08000142   0x00000002   PAD
    0x08000144   0x0000001c   Code   RO          711    !!handler_zi        c_w.l(__scatter_zi.o)
    0x08000160   0x00000000   Code   RO          519    .ARM.Collect$$_printf_percent$$00000000  c_w.l(_printf_percent.o)
    0x08000160   0x00000004   Code   RO          543    .ARM.Collect$$_printf_percent$$00000017  c_w.l(_printf_percent_end.o)
    0x08000164   0x00000002   Code   RO          592    .ARM.Collect$$libinit$$00000000  c_w.l(libinit.o)
    0x08000166   0x00000000   Code   RO          603    .ARM.Collect$$libinit$$00000002  c_w.l(libinit2.o)
    0x08000166   0x00000000   Code   RO          606    .ARM.Collect$$libinit$$00000008  c_w.l(libinit2.o)
    0x08000166   0x00000000   Code   RO          608    .ARM.Collect$$libinit$$0000000A  c_w.l(libinit2.o)
    0x08000166   0x00000000   Code   RO          610    .ARM.Collect$$libinit$$0000000C  c_w.l(libinit2.o)
    0x08000166   0x00000000   Code   RO          613    .ARM.Collect$$libinit$$0000000F  c_w.l(libinit2.o)
    0x08000166   0x00000000   Code   RO          615    .ARM.Collect$$libinit$$00000011  c_w.l(libinit2.o)
    0x08000166   0x00000000   Code   RO          617    .ARM.Collect$$libinit$$00000013  c_w.l(libinit2.o)
    0x08000166   0x00000000   Code   RO          619    .ARM.Collect$$libinit$$00000015  c_w.l(libinit2.o)
    0x08000166   0x00000000   Code   RO          621    .ARM.Collect$$libinit$$00000017  c_w.l(libinit2.o)
    0x08000166   0x00000000   Code   RO          623    .ARM.Collect$$libinit$$00000019  c_w.l(libinit2.o)
    0x08000166   0x00000000   Code   RO          625    .ARM.Collect$$libinit$$0000001B  c_w.l(libinit2.o)
    0x08000166   0x00000000   Code   RO          627    .ARM.Collect$$libinit$$0000001D  c_w.l(libinit2.o)
    0x08000166   0x00000000   Code   RO          629    .ARM.Collect$$libinit$$0000001F  c_w.l(libinit2.o)
    0x08000166   0x00000000   Code   RO          631    .ARM.Collect$$libinit$$00000021  c_w.l(libinit2.o)
    0x08000166   0x00000000   Code   RO          633    .ARM.Collect$$libinit$$00000023  c_w.l(libinit2.o)
    0x08000166   0x00000000   Code   RO          637    .ARM.Collect$$libinit$$0000002A  c_w.l(libinit2.o)
    0x08000166   0x00000000   Code   RO          639    .ARM.Collect$$libinit$$0000002C  c_w.l(libinit2.o)
    0x08000166   0x00000000   Code   RO          641    .ARM.Collect$$libinit$$0000002E  c_w.l(libinit2.o)
    0x08000166   0x00000000   Code   RO          643    .ARM.Collect$$libinit$$00000030  c_w.l(libinit2.o)
    0x08000166   0x00000002   Code   RO          644    .ARM.Collect$$libinit$$00000031  c_w.l(libinit2.o)
    0x08000168   0x00000002   Code   RO          680    .ARM.Collect$$libshutdown$$00000000  c_w.l(libshutdown.o)
    0x0800016a   0x00000000   Code   RO          691    .ARM.Collect$$libshutdown$$00000003  c_w.l(libshutdown2.o)
    0x0800016a   0x00000000   Code   RO          694    .ARM.Collect$$libshutdown$$00000006  c_w.l(libshutdown2.o)
    0x0800016a   0x00000000   Code   RO          697    .ARM.Collect$$libshutdown$$00000009  c_w.l(libshutdown2.o)
    0x0800016a   0x00000000   Code   RO          699    .ARM.Collect$$libshutdown$$0000000B  c_w.l(libshutdown2.o)
    0x0800016a   0x00000000   Code   RO          702    .ARM.Collect$$libshutdown$$0000000E  c_w.l(libshutdown2.o)
    0x0800016a   0x00000002   Code   RO          703    .ARM.Collect$$libshutdown$$0000000F  c_w.l(libshutdown2.o)
    0x0800016c   0x00000000   Code   RO          540    .ARM.Collect$$rtentry$$00000000  c_w.l(rtentry.o)
    0x0800016c   0x00000000   Code   RO          551    .ARM.Collect$$rtentry$$00000002  c_w.l(rtentry2.o)
    0x0800016c   0x00000006   Code   RO          563    .ARM.Collect$$rtentry$$00000004  c_w.l(rtentry4.o)
    0x08000172   0x00000000   Code   RO          553    .ARM.Collect$$rtentry$$00000009  c_w.l(rtentry2.o)
    0x08000172   0x00000004   Code   RO          554    .ARM.Collect$$rtentry$$0000000A  c_w.l(rtentry2.o)
    0x08000176   0x00000000   Code   RO          556    .ARM.Collect$$rtentry$$0000000C  c_w.l(rtentry2.o)
    0x08000176   0x00000008   Code   RO          557    .ARM.Collect$$rtentry$$0000000D  c_w.l(rtentry2.o)
    0x0800017e   0x00000002   Code   RO          596    .ARM.Collect$$rtexit$$00000000  c_w.l(rtexit.o)
    0x08000180   0x00000000   Code   RO          646    .ARM.Collect$$rtexit$$00000002  c_w.l(rtexit2.o)
    0x08000180   0x00000004   Code   RO          647    .ARM.Collect$$rtexit$$00000003  c_w.l(rtexit2.o)
    0x08000184   0x00000006   Code   RO          648    .ARM.Collect$$rtexit$$00000004  c_w.l(rtexit2.o)
    0x0800018a   0x00000002   PAD
    0x0800018c   0x0000013c   Code   RO            1    .text               stm32f10x_it.o
    0x080002c8   0x000000cc   Code   RO          103    .text               main.o
    0x08000394   0x00000130   Code   RO          123    .text               wlm.o
    0x080004c4   0x000000cc   Code   RO          155    .text               chan.o
    0x08000590   0x000002c4   Code   RO          173    .text               checkframe.o
    0x08000854   0x00000088   Code   RO          251    .text               param.o
    0x080008dc   0x00000284   Code   RO          268    .text               utm.o
    0x08000b60   0x0000003c   Code   RO          289    .text               pbuf.o
    0x08000b9c   0x00000680   Code   RO          303    .text               api.o
    0x0800121c   0x0000039c   Code   RO          321    .text               stm32f10x_rcc.o
    0x080015b8   0x00000408   Code   RO          335    .text               stm32f10x_usart.o
    0x080019c0   0x000000dc   Code   RO          347    .text               misc.o
    0x08001a9c   0x00000358   Code   RO          359    .text               stm32f10x_gpio.o
    0x08001df4   0x000009ec   Code   RO          371    .text               stm32f10x_can.o
    0x080027e0   0x00000660   Code   RO          383    .text               m35.o
    0x08002e40   0x000000c4   Code   RO          395    .text               delay.o
    0x08002f04   0x0000044e   Code   RO          409    .text               bsp.o
    0x08003352   0x00000002   PAD
    0x08003354   0x000001c8   Code   RO          445    .text               system_stm32f10x.o
    0x0800351c   0x00000040   Code   RO          466    .text               startup_stm32f10x_md.o
    0x0800355c   0x0000009c   Code   RO          470    .text               ios157654.o
    0x080035f8   0x00000002   Code   RO          491    .text               c_w.l(use_no_semi_2.o)
    0x080035fa   0x00000002   PAD
    0x080035fc   0x00000018   Code   RO          495    .text               c_w.l(noretval__2printf.o)
    0x08003614   0x0000006a   Code   RO          497    .text               c_w.l(__printf.o)
    0x0800367e   0x00000002   PAD
    0x08003680   0x0000007c   Code   RO          520    .text               c_w.l(assert.o)
    0x080036fc   0x00000048   Code   RO          522    .text               c_w.l(strcpy.o)
    0x08003744   0x0000003e   Code   RO          524    .text               c_w.l(strlen.o)
    0x08003782   0x00000096   Code   RO          526    .text               c_w.l(strncmp.o)
    0x08003818   0x00000018   Code   RO          528    .text               c_w.l(strcat.o)
    0x08003830   0x0000008a   Code   RO          530    .text               c_w.l(rt_memcpy_v6.o)
    0x080038ba   0x00000002   PAD
    0x080038bc   0x00000080   Code   RO          532    .text               c_w.l(strcmpv7m.o)
    0x0800393c   0x00000006   Code   RO          534    .text               c_w.l(heapauxi.o)
    0x08003942   0x00000002   Code   RO          538    .text               c_w.l(use_no_semi.o)
    0x08003944   0x00000024   Code   RO          541    .text               c_w.l(_printf_char_file.o)
    0x08003968   0x00000010   Code   RO          544    .text               c_w.l(abort.o)
    0x08003978   0x00000014   Code   RO          546    .text               c_w.l(assert_puts.o)
    0x0800398c   0x00000064   Code   RO          548    .text               c_w.l(rt_memcpy_w.o)
    0x080039f0   0x00000030   Code   RO          565    .text               c_w.l(_printf_char_common.o)
    0x08003a20   0x00000008   Code   RO          567    .text               c_w.l(ferror.o)
    0x08003a28   0x0000000e   Code   RO          571    .text               c_w.l(defsig_abrt_outer.o)
    0x08003a36   0x0000004a   Code   RO          575    .text               c_w.l(sys_stackheap_outer.o)
    0x08003a80   0x0000000c   Code   RO          581    .text               c_w.l(exit.o)
    0x08003a8c   0x0000000a   Code   RO          583    .text               c_w.l(defsig_exit.o)
    0x08003a96   0x00000002   PAD
    0x08003a98   0x00000030   Code   RO          585    .text               c_w.l(defsig_abrt_inner.o)
    0x08003ac8   0x00000008   Code   RO          593    .text               c_w.l(libspace.o)
    0x08003ad0   0x00000032   Code   RO          600    .text               c_w.l(defsig_general.o)
    0x08003b02   0x00000002   PAD
    0x08003b04   0x00000020   Data   RO          705    Region$$Table       anon$$obj.o


    Execution Region RW_IRAM1 (Base: 0x20000000, Size: 0x000012e8, Max: 0x00005000, ABSOLUTE)

    Base Addr    Size         Type   Attr      Idx    E Section Name        Object

    0x20000000   0x00000001   Data   RW          105    .data               main.o
    0x20000001   0x00000001   Data   RW          175    .data               checkframe.o
    0x20000002   0x00000002   PAD
    0x20000004   0x00000030   Data   RW          252    .data               param.o
    0x20000034   0x00000013   Data   RW          304    .data               api.o
    0x20000047   0x00000014   Data   RW          322    .data               stm32f10x_rcc.o
    0x2000005b   0x00000001   PAD
    0x2000005c   0x00000004   Data   RW          396    .data               delay.o
    0x20000060   0x00000004   Data   RW          410    .data               bsp.o
    0x20000064   0x00000014   Data   RW          446    .data               system_stm32f10x.o
    0x20000078   0x00000001   Data   RW          472    .data               ios157654.o
    0x20000079   0x00000003   PAD
    0x2000007c   0x00000102   Zero   RW            2    .bss                stm32f10x_it.o
    0x2000017e   0x00000044   Zero   RW          104    .bss                main.o
    0x200001c2   0x00000002   PAD
    0x200001c4   0x00000048   Zero   RW          124    .bss                wlm.o
    0x2000020c   0x0000001c   Zero   RW          174    .bss                checkframe.o
    0x20000228   0x0000001c   Zero   RW          269    .bss                utm.o
    0x20000244   0x00000810   Zero   RW          290    .bss                pbuf.o
    0x20000a54   0x00000234   Zero   RW          471    .bss                ios157654.o
    0x20000c88   0x00000060   Zero   RW          594    .bss                c_w.l(libspace.o)
    0x20000ce8   0x00000200   Zero   RW          464    HEAP                startup_stm32f10x_md.o
    0x20000ee8   0x00000400   Zero   RW          463    STACK               startup_stm32f10x_md.o


==============================================================================

Image component sizes


      Code (inc. data)   RO Data    RW Data    ZI Data      Debug   Object Name

      1664         82          0         19          0       3697   api.o
      1102         20          0          4          0       5376   bsp.o
       204         42          0          0          0       1582   chan.o
       708         76          0          1         28       2037   checkframe.o
         0          0          0          0          0         32   core_cm3.o
       196          8          0          4          0       1039   delay.o
       156          8          0          1        564       1582   ios157654.o
      1632        480          0          0          0       2608   m35.o
       204         22          0          1         68       1176   main.o
       220         20          0          0          0       1745   misc.o
       136         34          0         48          0       1707   param.o
        60          4          0          0       2064       1029   pbuf.o
        64         26        236          0       1536        828   startup_stm32f10x_md.o
      2540         38          0          0          0       7796   stm32f10x_can.o
       856         40          0          0          0       5589   stm32f10x_gpio.o
       316         30          0          0        258     244556   stm32f10x_it.o
       924         44          0         20          0       8708   stm32f10x_rcc.o
      1032         22          0          0          0       8316   stm32f10x_usart.o
       456         36          0         20          0       1811   system_stm32f10x.o
       644         46          0          0         28       3681   utm.o
       304         86          0          0         72       2598   wlm.o

    ----------------------------------------------------------------------
     13420       1164        268        124       4620     307493   Object Totals
         0          0         32          0          0          0   (incl. Generated)
         2          0          0          6          2          0   (incl. Padding)

    ----------------------------------------------------------------------

      Code (inc. data)   RO Data    RW Data    ZI Data      Debug   Library Member Name

         8          0          0          0          0         68   __main.o
       106          0          0          0          0         84   __printf.o
        52          8          0          0          0          0   __scatter.o
        26          0          0          0          0          0   __scatter_copy.o
        28          0          0          0          0          0   __scatter_zi.o
        48          6          0          0          0         96   _printf_char_common.o
        36          4          0          0          0         80   _printf_char_file.o
         0          0          0          0          0          0   _printf_percent.o
         4          0          0          0          0          0   _printf_percent_end.o
        16          0          0          0          0         72   abort.o
       124         40          0          0          0         76   assert.o
        20          0          0          0          0         76   assert_puts.o
        48         34          0          0          0         76   defsig_abrt_inner.o
        14          0          0          0          0         80   defsig_abrt_outer.o
        10          0          0          0          0         68   defsig_exit.o
        50          0          0          0          0         88   defsig_general.o
        12          0          0          0          0         72   exit.o
         8          0          0          0          0         68   ferror.o
         6          0          0          0          0        152   heapauxi.o
         2          0          0          0          0          0   libinit.o
         2          0          0          0          0          0   libinit2.o
         2          0          0          0          0          0   libshutdown.o
         2          0          0          0          0          0   libshutdown2.o
         8          4          0          0         96         68   libspace.o
        24          4          0          0          0         84   noretval__2printf.o
       138          0          0          0          0         68   rt_memcpy_v6.o
       100          0          0          0          0         80   rt_memcpy_w.o
         0          0          0          0          0          0   rtentry.o
        12          0          0          0          0          0   rtentry2.o
         6          0          0          0          0          0   rtentry4.o
         2          0          0          0          0          0   rtexit.o
        10          0          0          0          0          0   rtexit2.o
        24          0          0          0          0         68   strcat.o
       128          0          0          0          0         68   strcmpv7m.o
        72          0          0          0          0         80   strcpy.o
        62          0          0          0          0         76   strlen.o
       150          0          0          0          0         80   strncmp.o
        74          0          0          0          0         80   sys_stackheap_outer.o
         2          0          0          0          0         68   use_no_semi.o
         2          0          0          0          0         68   use_no_semi_2.o

    ----------------------------------------------------------------------
      1452        100          0          0         96       2044   Library Totals
        14          0          0          0          0          0   (incl. Padding)

    ----------------------------------------------------------------------

      Code (inc. data)   RO Data    RW Data    ZI Data      Debug   Library Name

      1438        100          0          0         96       2044   c_w.l

    ----------------------------------------------------------------------
      1452        100          0          0         96       2044   Library Totals

    ----------------------------------------------------------------------

==============================================================================


      Code (inc. data)   RO Data    RW Data    ZI Data      Debug   

     14872       1264        268        124       4716     306469   Grand Totals
     14872       1264        268        124       4716     306469   ELF Image Totals
     14872       1264        268        124          0          0   ROM Totals

==============================================================================

    Total RO  Size (Code + RO Data)                15140 (  14.79kB)
    Total RW  Size (RW Data + ZI Data)              4840 (   4.73kB)
    Total ROM Size (Code + RO Data + RW Data)      15264 (  14.91kB)

==============================================================================

